Component: Arm Compiler for Embedded 6.18 Tool: armlink [5e4cc100]

==============================================================================

Section Cross References

    startup_stm32f411xe.o(STACK) refers (Special) to heapauxi.o(.text) for __use_two_region_memory
    startup_stm32f411xe.o(HEAP) refers (Special) to heapauxi.o(.text) for __use_two_region_memory
    startup_stm32f411xe.o(RESET) refers (Special) to heapauxi.o(.text) for __use_two_region_memory
    startup_stm32f411xe.o(RESET) refers to startup_stm32f411xe.o(STACK) for __initial_sp
    startup_stm32f411xe.o(RESET) refers to startup_stm32f411xe.o(.text) for Reset_Handler
    startup_stm32f411xe.o(RESET) refers to timer.o(.text.SysTick_Handler) for SysTick_Handler
    startup_stm32f411xe.o(RESET) refers to timer.o(.text.TIM2_IRQHandler) for TIM2_IRQHandler
    startup_stm32f411xe.o(.text) refers (Special) to heapauxi.o(.text) for __use_two_region_memory
    startup_stm32f411xe.o(.text) refers to system_stm32f4xx.o(.text.SystemInit) for SystemInit
    startup_stm32f411xe.o(.text) refers to __main.o(!!!main) for __main
    startup_stm32f411xe.o(.text) refers to startup_stm32f411xe.o(HEAP) for Heap_Mem
    startup_stm32f411xe.o(.text) refers to startup_stm32f411xe.o(STACK) for Stack_Mem
    system_stm32f4xx.o(.ARM.exidx.text.SystemInit) refers to system_stm32f4xx.o(.text.SystemInit) for [Anonymous Symbol]
    system_stm32f4xx.o(.text.SystemCoreClockUpdate) refers to system_stm32f4xx.o(.data.SystemCoreClock) for SystemCoreClock
    system_stm32f4xx.o(.text.SystemCoreClockUpdate) refers to system_stm32f4xx.o(.rodata.AHBPrescTable) for AHBPrescTable
    system_stm32f4xx.o(.ARM.exidx.text.SystemCoreClockUpdate) refers to system_stm32f4xx.o(.text.SystemCoreClockUpdate) for [Anonymous Symbol]
    stm32f4xx_ll_tim.o(.text.LL_TIM_DeInit) refers to stm32f4xx_ll_tim.o(.text.LL_APB2_GRP1_ForceReset) for LL_APB2_GRP1_ForceReset
    stm32f4xx_ll_tim.o(.text.LL_TIM_DeInit) refers to stm32f4xx_ll_tim.o(.text.LL_APB2_GRP1_ReleaseReset) for LL_APB2_GRP1_ReleaseReset
    stm32f4xx_ll_tim.o(.text.LL_TIM_DeInit) refers to stm32f4xx_ll_tim.o(.text.LL_APB1_GRP1_ForceReset) for LL_APB1_GRP1_ForceReset
    stm32f4xx_ll_tim.o(.text.LL_TIM_DeInit) refers to stm32f4xx_ll_tim.o(.text.LL_APB1_GRP1_ReleaseReset) for LL_APB1_GRP1_ReleaseReset
    stm32f4xx_ll_tim.o(.ARM.exidx.text.LL_TIM_DeInit) refers to stm32f4xx_ll_tim.o(.text.LL_TIM_DeInit) for [Anonymous Symbol]
    stm32f4xx_ll_tim.o(.ARM.exidx.text.LL_APB2_GRP1_ForceReset) refers to stm32f4xx_ll_tim.o(.text.LL_APB2_GRP1_ForceReset) for [Anonymous Symbol]
    stm32f4xx_ll_tim.o(.ARM.exidx.text.LL_APB2_GRP1_ReleaseReset) refers to stm32f4xx_ll_tim.o(.text.LL_APB2_GRP1_ReleaseReset) for [Anonymous Symbol]
    stm32f4xx_ll_tim.o(.ARM.exidx.text.LL_APB1_GRP1_ForceReset) refers to stm32f4xx_ll_tim.o(.text.LL_APB1_GRP1_ForceReset) for [Anonymous Symbol]
    stm32f4xx_ll_tim.o(.ARM.exidx.text.LL_APB1_GRP1_ReleaseReset) refers to stm32f4xx_ll_tim.o(.text.LL_APB1_GRP1_ReleaseReset) for [Anonymous Symbol]
    stm32f4xx_ll_tim.o(.ARM.exidx.text.LL_TIM_StructInit) refers to stm32f4xx_ll_tim.o(.text.LL_TIM_StructInit) for [Anonymous Symbol]
    stm32f4xx_ll_tim.o(.text.LL_TIM_Init) refers to stm32f4xx_ll_tim.o(.text.LL_TIM_SetAutoReload) for LL_TIM_SetAutoReload
    stm32f4xx_ll_tim.o(.text.LL_TIM_Init) refers to stm32f4xx_ll_tim.o(.text.LL_TIM_SetPrescaler) for LL_TIM_SetPrescaler
    stm32f4xx_ll_tim.o(.text.LL_TIM_Init) refers to stm32f4xx_ll_tim.o(.text.LL_TIM_SetRepetitionCounter) for LL_TIM_SetRepetitionCounter
    stm32f4xx_ll_tim.o(.text.LL_TIM_Init) refers to stm32f4xx_ll_tim.o(.text.LL_TIM_GenerateEvent_UPDATE) for LL_TIM_GenerateEvent_UPDATE
    stm32f4xx_ll_tim.o(.ARM.exidx.text.LL_TIM_Init) refers to stm32f4xx_ll_tim.o(.text.LL_TIM_Init) for [Anonymous Symbol]
    stm32f4xx_ll_tim.o(.ARM.exidx.text.LL_TIM_SetAutoReload) refers to stm32f4xx_ll_tim.o(.text.LL_TIM_SetAutoReload) for [Anonymous Symbol]
    stm32f4xx_ll_tim.o(.ARM.exidx.text.LL_TIM_SetPrescaler) refers to stm32f4xx_ll_tim.o(.text.LL_TIM_SetPrescaler) for [Anonymous Symbol]
    stm32f4xx_ll_tim.o(.ARM.exidx.text.LL_TIM_SetRepetitionCounter) refers to stm32f4xx_ll_tim.o(.text.LL_TIM_SetRepetitionCounter) for [Anonymous Symbol]
    stm32f4xx_ll_tim.o(.ARM.exidx.text.LL_TIM_GenerateEvent_UPDATE) refers to stm32f4xx_ll_tim.o(.text.LL_TIM_GenerateEvent_UPDATE) for [Anonymous Symbol]
    stm32f4xx_ll_tim.o(.ARM.exidx.text.LL_TIM_OC_StructInit) refers to stm32f4xx_ll_tim.o(.text.LL_TIM_OC_StructInit) for [Anonymous Symbol]
    stm32f4xx_ll_tim.o(.text.LL_TIM_OC_Init) refers to stm32f4xx_ll_tim.o(.text.OC1Config) for OC1Config
    stm32f4xx_ll_tim.o(.text.LL_TIM_OC_Init) refers to stm32f4xx_ll_tim.o(.text.OC2Config) for OC2Config
    stm32f4xx_ll_tim.o(.text.LL_TIM_OC_Init) refers to stm32f4xx_ll_tim.o(.text.OC3Config) for OC3Config
    stm32f4xx_ll_tim.o(.text.LL_TIM_OC_Init) refers to stm32f4xx_ll_tim.o(.text.OC4Config) for OC4Config
[...]
    [Anonymous Symbol]                       0x080022d0   Section        0  stm32f4xx_ll_gpio.o(.text.LL_GPIO_SetPinSpeed)
    LL_RCC_GetAHBPrescaler                   0x0800234d   Thumb Code    16  stm32f4xx_ll_rcc.o(.text.LL_RCC_GetAHBPrescaler)
    [Anonymous Symbol]                       0x0800234c   Section        0  stm32f4xx_ll_rcc.o(.text.LL_RCC_GetAHBPrescaler)
    LL_RCC_GetAPB1Prescaler                  0x0800235d   Thumb Code    16  stm32f4xx_ll_rcc.o(.text.LL_RCC_GetAPB1Prescaler)
    [Anonymous Symbol]                       0x0800235c   Section        0  stm32f4xx_ll_rcc.o(.text.LL_RCC_GetAPB1Prescaler)
    LL_RCC_GetAPB2Prescaler                  0x0800236d   Thumb Code    16  stm32f4xx_ll_rcc.o(.text.LL_RCC_GetAPB2Prescaler)
    [Anonymous Symbol]                       0x0800236c   Section        0  stm32f4xx_ll_rcc.o(.text.LL_RCC_GetAPB2Prescaler)
    LL_RCC_GetSysClkSource                   0x0800237d   Thumb Code    16  stm32f4xx_ll_rcc.o(.text.LL_RCC_GetSysClkSource)
    [Anonymous Symbol]                       0x0800237c   Section        0  stm32f4xx_ll_rcc.o(.text.LL_RCC_GetSysClkSource)
    [Anonymous Symbol]                       0x0800238c   Section        0  stm32f4xx_ll_rcc.o(.text.LL_RCC_GetSystemClocksFreq)
    LL_RCC_PLL_GetDivider                    0x080023c5   Thumb Code    16  stm32f4xx_ll_rcc.o(.text.LL_RCC_PLL_GetDivider)
    [Anonymous Symbol]                       0x080023c4   Section        0  stm32f4xx_ll_rcc.o(.text.LL_RCC_PLL_GetDivider)
    LL_RCC_PLL_GetMainSource                 0x080023d5   Thumb Code    16  stm32f4xx_ll_rcc.o(.text.LL_RCC_PLL_GetMainSource)
    [Anonymous Symbol]                       0x080023d4   Section        0  stm32f4xx_ll_rcc.o(.text.LL_RCC_PLL_GetMainSource)
    LL_RCC_PLL_GetN                          0x080023e5   Thumb Code    16  stm32f4xx_ll_rcc.o(.text.LL_RCC_PLL_GetN)
    [Anonymous Symbol]                       0x080023e4   Section        0  stm32f4xx_ll_rcc.o(.text.LL_RCC_PLL_GetN)
    LL_RCC_PLL_GetP                          0x080023f5   Thumb Code    16  stm32f4xx_ll_rcc.o(.text.LL_RCC_PLL_GetP)
    [Anonymous Symbol]                       0x080023f4   Section        0  stm32f4xx_ll_rcc.o(.text.LL_RCC_PLL_GetP)
    LL_TIM_EnableCounter                     0x08002405   Thumb Code    18  timer.o(.text.LL_TIM_EnableCounter)
    [Anonymous Symbol]                       0x08002404   Section        0  timer.o(.text.LL_TIM_EnableCounter)
    LL_TIM_GenerateEvent_UPDATE              0x08002419   Thumb Code    18  stm32f4xx_ll_tim.o(.text.LL_TIM_GenerateEvent_UPDATE)
    [Anonymous Symbol]                       0x08002418   Section        0  stm32f4xx_ll_tim.o(.text.LL_TIM_GenerateEvent_UPDATE)
    [Anonymous Symbol]                       0x0800242c   Section        0  stm32f4xx_ll_tim.o(.text.LL_TIM_Init)
    LL_TIM_SetAutoReload                     0x0800255d   Thumb Code    16  stm32f4xx_ll_tim.o(.text.LL_TIM_SetAutoReload)
    [Anonymous Symbol]                       0x0800255c   Section        0  stm32f4xx_ll_tim.o(.text.LL_TIM_SetAutoReload)
    LL_TIM_SetAutoReload                     0x0800256d   Thumb Code    16  timer.o(.text.LL_TIM_SetAutoReload)
    [Anonymous Symbol]                       0x0800256c   Section        0  timer.o(.text.LL_TIM_SetAutoReload)
    LL_TIM_SetPrescaler                      0x0800257d   Thumb Code    16  stm32f4xx_ll_tim.o(.text.LL_TIM_SetPrescaler)
    [Anonymous Symbol]                       0x0800257c   Section        0  stm32f4xx_ll_tim.o(.text.LL_TIM_SetPrescaler)
    LL_TIM_SetRepetitionCounter              0x0800258d   Thumb Code    16  stm32f4xx_ll_tim.o(.text.LL_TIM_SetRepetitionCounter)
    [Anonymous Symbol]                       0x0800258c   Section        0  stm32f4xx_ll_tim.o(.text.LL_TIM_SetRepetitionCounter)
    LL_USART_Enable                          0x0800259d   Thumb Code    18  uart.o(.text.LL_USART_Enable)
    [Anonymous Symbol]                       0x0800259c   Section        0  uart.o(.text.LL_USART_Enable)
    [Anonymous Symbol]                       0x080025b0   Section        0  stm32f4xx_ll_usart.o(.text.LL_USART_Init)
    LL_USART_IsEnabled                       0x08002685   Thumb Code    16  stm32f4xx_ll_usart.o(.text.LL_USART_IsEnabled)
    [Anonymous Symbol]                       0x08002684   Section        0  stm32f4xx_ll_usart.o(.text.LL_USART_IsEnabled)
    LL_USART_SetBaudRate                     0x08002695   Thumb Code   176  stm32f4xx_ll_usart.o(.text.LL_USART_SetBaudRate)
    [Anonymous Symbol]                       0x08002694   Section        0  stm32f4xx_ll_usart.o(.text.LL_USART_SetBaudRate)
    LL_USART_SetHWFlowCtrl                   0x08002745   Thumb Code    26  stm32f4xx_ll_usart.o(.text.LL_USART_SetHWFlowCtrl)
    [Anonymous Symbol]                       0x08002744   Section        0  stm32f4xx_ll_usart.o(.text.LL_USART_SetHWFlowCtrl)
    LL_USART_SetStopBitsLength               0x08002761   Thumb Code    26  stm32f4xx_ll_usart.o(.text.LL_USART_SetStopBitsLength)
    [Anonymous Symbol]                       0x08002760   Section        0  stm32f4xx_ll_usart.o(.text.LL_USART_SetStopBitsLength)
    [Anonymous Symbol]                       0x0800277c   Section        0  stm32f4xx_ll_rcc.o(.text.RCC_GetHCLKClockFreq)
    [Anonymous Symbol]                       0x080027a4   Section        0  stm32f4xx_ll_rcc.o(.text.RCC_GetPCLK1ClockFreq)
    [Anonymous Symbol]                       0x080027c8   Section        0  stm32f4xx_ll_rcc.o(.text.RCC_GetPCLK2ClockFreq)
    [Anonymous Symbol]                       0x080027ec   Section        0  stm32f4xx_ll_rcc.o(.text.RCC_GetSystemClockFreq)
    [Anonymous Symbol]                       0x08002844   Section        0  stm32f4xx_ll_rcc.o(.text.RCC_PLL_GetFreqDomain_SYS)
    [Anonymous Symbol]                       0x080028d4   Section        0  sw.o(.text.SW_Init)
    SysTick_Config                           0x080029b1   Thumb Code    82  timer.o(.text.SysTick_Config)
    [Anonymous Symbol]                       0x080029b0   Section        0  timer.o(.text.SysTick_Config)
    [Anonymous Symbol]                       0x08002a04   Section        0  timer.o(.text.SysTick_Handler)
    [Anonymous Symbol]                       0x08002a18   Section        0  system_stm32f4xx.o(.text.SystemInit)
    [Anonymous Symbol]                       0x08002a38   Section        0  timer.o(.text.TIM2_IRQHandler)
    [Anonymous Symbol]                       0x08002a58   Section        0  timer.o(.text.TMR2_Init)
    [Anonymous Symbol]                       0x08002a90   Section        0  timer.o(.text.TMR2_SetCounter)
    [Anonymous Symbol]                       0x08002ad8   Section        0  timer.o(.text.TMR2_Start)
    [Anonymous Symbol]                       0x08002ae4   Section        0  timer.o(.text.TMR_Init)
    [Anonymous Symbol]                       0x08002af8   Section        0  timer.o(.text.TMR_Start)
    [Anonymous Symbol]                       0x08002b0c   Section        0  timer.o(.text.TMR_Stop)
    [Anonymous Symbol]                       0x08002b20   Section        0  uart.o(.text.UART_Init)
    [Anonymous Symbol]                       0x08002bc4   Section        0  vc.o(.text.VC_Init)
    __NVIC_EnableIRQ                         0x08002bd5   Thumb Code    48  timer.o(.text.__NVIC_EnableIRQ)
    [Anonymous Symbol]                       0x08002bd4   Section        0  timer.o(.text.__NVIC_EnableIRQ)
    __NVIC_SetPriority                       0x08002c05   Thumb Code    66  timer.o(.text.__NVIC_SetPriority)
    [Anonymous Symbol]                       0x08002c04   Section        0  timer.o(.text.__NVIC_SetPriority)
    [Anonymous Symbol]                       0x08002c48   Section        0  retarget_io.o(.text._sys_close)
    [Anonymous Symbol]                       0x08002c94   Section        0  retarget_io.o(.text._sys_flen)
    [Anonymous Symbol]                       0x08002cdc   Section        0  retarget_io.o(.text._sys_istty)
    [Anonymous Symbol]                       0x08002d24   Section        0  retarget_io.o(.text._sys_open)
    [Anonymous Symbol]                       0x08002dac   Section        0  retarget_io.o(.text._sys_seek)
    [Anonymous Symbol]                       0x08002e00   Section        0  retarget_io.o(.text._sys_write)
    [Anonymous Symbol]                       0x08002e98   Section        0  main.o(.text.main)
    stderr_putchar                           0x08002ed5   Thumb Code    12  retarget_io.o(.text.stderr_putchar)
    [Anonymous Symbol]                       0x08002ed4   Section        0  retarget_io.o(.text.stderr_putchar)
    stdout_putchar                           0x08002ee1   Thumb Code    16  retarget_io.o(.text.stdout_putchar)
    [Anonymous Symbol]                       0x08002ee0   Section        0  retarget_io.o(.text.stdout_putchar)
    CL$$btod_d2e                             0x08002ef0   Section       62  btod.o(CL$$btod_d2e)
    CL$$btod_d2e_denorm_low                  0x08002f2e   Section       70  btod.o(CL$$btod_d2e_denorm_low)
    CL$$btod_d2e_norm_op1                    0x08002f74   Section       96  btod.o(CL$$btod_d2e_norm_op1)
    CL$$btod_div_common                      0x08002fd4   Section      824  btod.o(CL$$btod_div_common)
    CL$$btod_e2e                             0x0800330c   Section      220  btod.o(CL$$btod_e2e)
    CL$$btod_ediv                            0x080033e8   Section       42  btod.o(CL$$btod_ediv)
    CL$$btod_emul                            0x08003412   Section       42  btod.o(CL$$btod_emul)
    CL$$btod_mult_common                     0x0800343c   Section      580  btod.o(CL$$btod_mult_common)
    i.__ARM_fpclassify                       0x08003680   Section        0  fpclassify.o(i.__ARM_fpclassify)
    i._is_digit                              0x080036b0   Section        0  __printf_wp.o(i._is_digit)
    i.fputc                                  0x080036be   Section        0  fputc.o(i.fputc)
    locale$$code                             0x080036dc   Section       44  lc_numeric_c.o(locale$$code)
    locale$$code                             0x08003708   Section       44  lc_ctype_c.o(locale$$code)
    $v0                                      0x08003734   Number         0  fpinit.o(x$fpl$fpinit)
    x$fpl$fpinit                             0x08003734   Section       26  fpinit.o(x$fpl$fpinit)
    $v0                                      0x0800374e   Number         0  printf1.o(x$fpl$printf1)
    x$fpl$printf1                            0x0800374e   Section        4  printf1.o(x$fpl$printf1)
    $v0                                      0x08003752   Number         0  printf2.o(x$fpl$printf2)
    x$fpl$printf2                            0x08003752   Section        4  printf2.o(x$fpl$printf2)
    x$fpl$usenofp                            0x08003756   Section        0  usenofp.o(x$fpl$usenofp)
    initial_mbstate                          0x08003758   Data           8  _printf_wctomb.o(.constdata)
    .constdata                               0x08003758   Section        8  _printf_wctomb.o(.constdata)
    uc_hextab                                0x08003760   Data          20  _printf_hex_int_ll_ptr.o(.constdata)
    .constdata                               0x08003760   Section       40  _printf_hex_int_ll_ptr.o(.constdata)
    lc_hextab                                0x08003774   Data          20  _printf_hex_int_ll_ptr.o(.constdata)
    maptable                                 0x08003788   Data          17  __printf_flags_ss_wp.o(.constdata)
    .constdata                               0x08003788   Section       17  __printf_flags_ss_wp.o(.constdata)
    lc_hextab                                0x08003799   Data          19  _printf_fp_hex.o(.constdata)
    .constdata                               0x08003799   Section       38  _printf_fp_hex.o(.constdata)
    uc_hextab                                0x080037ac   Data          19  _printf_fp_hex.o(.constdata)
    tenpwrs_x                                0x080037c0   Data          60  bigflt0.o(.constdata)
    .constdata                               0x080037c0   Section      148  bigflt0.o(.constdata)
    tenpwrs_i                                0x080037fc   Data          64  bigflt0.o(.constdata)
    .L.str                                   0x08003883   Data          32  main.o(.rodata.str1.1)
    [Anonymous Symbol]                       0x08003883   Section        0  main.o(.rodata.str1.1)
    .L.str                                   0x080038a3   Data           7  retarget_io.o(.rodata.str1.1)
    [Anonymous Symbol]                       0x080038a3   Section        0  retarget_io.o(.rodata.str1.1)
    .L.str.2                                 0x080038aa   Data           8  retarget_io.o(.rodata.str1.1)
    .L.str.1                                 0x080038b2   Data           8  retarget_io.o(.rodata.str1.1)
    locale$$data                             0x080038dc   Section       28  lc_numeric_c.o(locale$$data)
    __lcnum_c_name                           0x080038e0   Data           2  lc_numeric_c.o(locale$$data)
    __lcnum_c_start                          0x080038e8   Data           0  lc_numeric_c.o(locale$$data)
    __lcnum_c_point                          0x080038f4   Data           0  lc_numeric_c.o(locale$$data)
    __lcnum_c_thousands                      0x080038f6   Data           0  lc_numeric_c.o(locale$$data)
    __lcnum_c_grouping                       0x080038f7   Data           0  lc_numeric_c.o(locale$$data)
    __lcnum_c_end                            0x080038f8   Data           0  lc_numeric_c.o(locale$$data)
    locale$$data                             0x080038f8   Section      272  lc_ctype_c.o(locale$$data)
    __lcctype_c_name                         0x080038fc   Data           2  lc_ctype_c.o(locale$$data)
    __lcctype_c_start                        0x08003904   Data           0  lc_ctype_c.o(locale$$data)
    __lcctype_c_end                          0x08003a08   Data           0  lc_ctype_c.o(locale$$data)
    .data                                    0x20000000   Section        4  stdio_streams.o(.data)
    .data                                    0x20000004   Section        4  stdio_streams.o(.data)
    .data                                    0x20000008   Section        4  stdio_streams.o(.data)
    .bss                                     0x20000010   Section       84  stdio_streams.o(.bss)
    .bss                                     0x20000064   Section       84  stdio_streams.o(.bss)
    .bss                                     0x200000b8   Section       84  stdio_streams.o(.bss)
    .bss                                     0x2000010c   Section       96  libspace.o(.bss)
    SWs_Info                                 0x2000016c   Data          24  sw.o(.bss.SWs_Info)
    [Anonymous Symbol]                       0x2000016c   Section        0  sw.o(.bss.SWs_Info)
    motor_speed                              0x2000019c   Data           1  vc.o(.bss.motor_speed)
    [Anonymous Symbol]                       0x2000019c   Section        0  vc.o(.bss.motor_speed)
    Heap_Mem                                 0x200001a8   Data         512  startup_stm32f411xe.o(HEAP)
    HEAP                                     0x200001a8   Section      512  startup_stm32f411xe.o(HEAP)
    Stack_Mem                                0x200003a8   Data        1024  startup_stm32f411xe.o(STACK)
    STACK                                    0x200003a8   Section     1024  startup_stm32f411xe.o(STACK)
    __initial_sp                             0x200007a8   Data           0  startup_stm32f411xe.o(STACK)

    Global Symbols

    Symbol Name                              Value     Ov Type        Size  Object(Section)

    BuildAttributes$$THM_ISAv4$E$P$D$K$B$S$7EM$VFPi3$EXTD16$VFPS$VFMA$PE$A:L22UL41UL21$X:L11$S22US41US21$IEEE1$IW$~IW$USESV6$~STKCKD$USESV7$~SHL$OTIME$ROPI$IEEEJ$EBA8$UX$STANDARDLIB$REQ8$PRES8$EABIv2 0x00000000   Number         0  anon$$obj.o ABSOLUTE
    _printf_flags                            0x00000000   Number         0  printf_stubs.o ABSOLUTE
    _printf_return_value                     0x00000000   Number         0  printf_stubs.o ABSOLUTE
    _printf_sizespec                         0x00000000   Number         0  printf_stubs.o ABSOLUTE
    _printf_widthprec                        0x00000000   Number         0  printf_stubs.o ABSOLUTE
    __ARM_exceptions_init                     - Undefined Weak Reference
    __alloca_initialize                       - Undefined Weak Reference
    __arm_preinit_                            - Undefined Weak Reference
    __arm_relocate_pie_                       - Undefined Weak Reference
    __cpp_initialize__aeabi_                  - Undefined Weak Reference
    __cxa_finalize                            - Undefined Weak Reference
    __sigvec_lookup                           - Undefined Weak Reference
    __user_heap_extent                        - Undefined Weak Reference
    _atexit_init                              - Undefined Weak Reference
    _call_atexit_fns                          - Undefined Weak Reference
    _clock_init                               - Undefined Weak Reference
    _fp_trap_init                             - Undefined Weak Reference
    _fp_trap_shutdown                         - Undefined Weak Reference
    _get_lc_collate                           - Undefined Weak Reference
    _get_lc_monetary                          - Undefined Weak Reference
    _get_lc_time                              - Undefined Weak Reference
    _getenv_init                              - Undefined Weak Reference
    _handle_redirection                       - Undefined Weak Reference
    _mutex_acquire                            - Undefined Weak Reference
    _mutex_free                               - Undefined Weak Reference
    _mutex_release                            - Undefined Weak Reference
    _printf_mbtowc                            - Undefined Weak Reference
    _printf_wc                                - Undefined Weak Reference
    _rand_init                                - Undefined Weak Reference
    _signal_finish                            - Undefined Weak Reference
    _signal_init                              - Undefined Weak Reference
    __Vectors_Size                           0x00000198   Number         0  startup_stm32f411xe.o ABSOLUTE
    __Vectors                                0x08000000   Data           4  startup_stm32f411xe.o(RESET)
    __Vectors_End                            0x08000198   Data           0  startup_stm32f411xe.o(RESET)
    __main                                   0x08000199   Thumb Code     8  __main.o(!!!main)
    __scatterload                            0x080001a1   Thumb Code     0  __scatter.o(!!!scatter)
    __scatterload_rt2                        0x080001a1   Thumb Code    44  __scatter.o(!!!scatter)
    __scatterload_rt2_thumb_only             0x080001a1   Thumb Code     0  __scatter.o(!!!scatter)
    __scatterload_null                       0x080001af   Thumb Code     0  __scatter.o(!!!scatter)
    __scatterload_copy                       0x080001d5   Thumb Code    26  __scatter_copy.o(!!handler_copy)
    __scatterload_zeroinit                   0x080001f1   Thumb Code    28  __scatter_zi.o(!!handler_zi)
    _printf_n                                0x0800020d   Thumb Code     0  _printf_n.o(.ARM.Collect$$_printf_percent$$00000001)
    _printf_percent                          0x0800020d   Thumb Code     0  _printf_percent.o(.ARM.Collect$$_printf_percent$$00000000)
    _printf_p                                0x08000213   Thumb Code     0  _printf_p.o(.ARM.Collect$$_printf_percent$$00000002)
    _printf_f                                0x08000219   Thumb Code     0  _printf_f.o(.ARM.Collect$$_printf_percent$$00000003)
    _printf_e                                0x0800021f   Thumb Code     0  _printf_e.o(.ARM.Collect$$_printf_percent$$00000004)
    _printf_g                                0x08000225   Thumb Code     0  _printf_g.o(.ARM.Collect$$_printf_percent$$00000005)
    _printf_a                                0x0800022b   Thumb Code     0  _printf_a.o(.ARM.Collect$$_printf_percent$$00000006)
    _printf_ll                               0x08000231   Thumb Code     0  _printf_ll.o(.ARM.Collect$$_printf_percent$$00000007)
    _printf_i                                0x0800023b   Thumb Code     0  _printf_i.o(.ARM.Collect$$_printf_percent$$00000008)
    _printf_d                                0x08000241   Thumb Code     0  _printf_d.o(.ARM.Collect$$_printf_percent$$00000009)
    _printf_u                                0x08000247   Thumb Code     0  _printf_u.o(.ARM.Collect$$_printf_percent$$0000000A)
    _printf_o                                0x0800024d   Thumb Code     0  _printf_o.o(.ARM.Collect$$_printf_percent$$0000000B)
    _printf_x                                0x08000253   Thumb Code     0  _printf_x.o(.ARM.Collect$$_printf_percent$$0000000C)
    _printf_lli                              0x08000259   Thumb Code     0  _printf_lli.o(.ARM.Collect$$_printf_percent$$0000000D)
    _printf_lld                              0x0800025f   Thumb Code     0  _printf_lld.o(.ARM.Collect$$_printf_percent$$0000000E)
    _printf_llu                              0x08000265   Thumb Code     0  _printf_llu.o(.ARM.Collect$$_printf_percent$$0000000F)
    _printf_llo                              0x0800026b   Thumb Code     0  _printf_llo.o(.ARM.Collect$$_printf_percent$$00000010)
    _printf_llx                              0x08000271   Thumb Code     0  _printf_llx.o(.ARM.Collect$$_printf_percent$$00000011)
    _printf_l                                0x08000277   Thumb Code     0  _printf_l.o(.ARM.Collect$$_printf_percent$$00000012)
    _printf_c                                0x08000281   Thumb Code     0  _printf_c.o(.ARM.Collect$$_printf_percent$$00000013)
    _printf_s                                0x08000287   Thumb Code     0  _printf_s.o(.ARM.Collect$$_printf_percent$$00000014)
    _printf_lc                               0x0800028d   Thumb Code     0  _printf_lc.o(.ARM.Collect$$_printf_percent$$00000015)
    _printf_ls                               0x08000293   Thumb Code     0  _printf_ls.o(.ARM.Collect$$_printf_percent$$00000016)
    _printf_percent_end                      0x08000299   Thumb Code     0  _printf_percent_end.o(.ARM.Collect$$_printf_percent$$00000017)
    __rt_lib_init                            0x0800029d   Thumb Code     0  libinit.o(.ARM.Collect$$libinit$$00000000)
    __rt_lib_init_fp_1                       0x0800029f   Thumb Code     0  libinit2.o(.ARM.Collect$$libinit$$00000001)
    __rt_lib_init_heap_2                     0x080002a3   Thumb Code     0  libinit2.o(.ARM.Collect$$libinit$$00000007)
    __rt_lib_init_preinit_1                  0x080002a3   Thumb Code     0  libinit2.o(.ARM.Collect$$libinit$$00000006)
    __rt_lib_init_relocate_pie_1             0x080002a3   Thumb Code     0  libinit2.o(.ARM.Collect$$libinit$$00000004)
    __rt_lib_init_heap_1                     0x080002ab   Thumb Code     0  libinit2.o(.ARM.Collect$$libinit$$0000000C)
    __rt_lib_init_lc_common                  0x080002ab   Thumb Code     0  libinit2.o(.ARM.Collect$$libinit$$00000011)
    __rt_lib_init_rand_1                     0x080002ab   Thumb Code     0  libinit2.o(.ARM.Collect$$libinit$$00000010)
    __rt_lib_init_user_alloc_1               0x080002ab   Thumb Code     0  libinit2.o(.ARM.Collect$$libinit$$0000000E)
    __rt_lib_init_lc_collate_1               0x080002b1   Thumb Code     0  libinit2.o(.ARM.Collect$$libinit$$00000013)
    __rt_lib_init_lc_ctype_2                 0x080002b1   Thumb Code     0  libinit2.o(.ARM.Collect$$libinit$$00000014)
    __rt_lib_init_lc_ctype_1                 0x080002bd   Thumb Code     0  libinit2.o(.ARM.Collect$$libinit$$00000015)
    __rt_lib_init_lc_monetary_1              0x080002bd   Thumb Code     0  libinit2.o(.ARM.Collect$$libinit$$00000017)
    __rt_lib_init_lc_numeric_2               0x080002bd   Thumb Code     0  libinit2.o(.ARM.Collect$$libinit$$00000018)
    __rt_lib_init_atexit_1                   0x080002c7   Thumb Code     0  libinit2.o(.ARM.Collect$$libinit$$0000001D)
    __rt_lib_init_clock_1                    0x080002c7   Thumb Code     0  libinit2.o(.ARM.Collect$$libinit$$00000023)
    __rt_lib_init_fp_trap_1                  0x080002c7   Thumb Code     0  libinit2.o(.ARM.Collect$$libinit$$00000021)
    __rt_lib_init_getenv_1                   0x080002c7   Thumb Code     0  libinit2.o(.ARM.Collect$$libinit$$00000025)
    __rt_lib_init_lc_numeric_1               0x080002c7   Thumb Code     0  libinit2.o(.ARM.Collect$$libinit$$00000019)
    __rt_lib_init_lc_time_1                  0x080002c7   Thumb Code     0  libinit2.o(.ARM.Collect$$libinit$$0000001B)
    __rt_lib_init_signal_1                   0x080002c7   Thumb Code     0  libinit2.o(.ARM.Collect$$libinit$$0000001F)
    __rt_lib_init_stdio_2                    0x080002c7   Thumb Code     0  libinit2.o(.ARM.Collect$$libinit$$00000026)
    __rt_lib_init_alloca_1                   0x080002cb   Thumb Code     0  libinit2.o(.ARM.Collect$$libinit$$00000030)
    __rt_lib_init_argv_1                     0x080002cb   Thumb Code     0  libinit2.o(.ARM.Collect$$libinit$$0000002E)
    __rt_lib_init_cpp_1                      0x080002cb   Thumb Code     0  libinit2.o(.ARM.Collect$$libinit$$00000034)
    __rt_lib_init_exceptions_1               0x080002cb   Thumb Code     0  libinit2.o(.ARM.Collect$$libinit$$00000032)
    __rt_lib_init_return                     0x080002cb   Thumb Code     0  libinit2.o(.ARM.Collect$$libinit$$00000035)
    __rt_lib_init_stdio_1                    0x080002cb   Thumb Code     0  libinit2.o(.ARM.Collect$$libinit$$00000027)
    __rt_lib_shutdown                        0x080002cd   Thumb Code     0  libshutdown.o(.ARM.Collect$$libshutdown$$00000000)
    __rt_lib_shutdown_cpp_1                  0x080002cf   Thumb Code     0  libshutdown2.o(.ARM.Collect$$libshutdown$$00000002)
    __rt_lib_shutdown_stdio_2                0x080002cf   Thumb Code     0  libshutdown2.o(.ARM.Collect$$libshutdown$$00000003)
    __rt_lib_shutdown_fp_trap_1              0x080002d3   Thumb Code     0  libshutdown2.o(.ARM.Collect$$libshutdown$$00000007)
    __rt_lib_shutdown_heap_1                 0x080002d3   Thumb Code     0  libshutdown2.o(.ARM.Collect$$libshutdown$$0000000F)
    __rt_lib_shutdown_return                 0x080002d3   Thumb Code     0  libshutdown2.o(.ARM.Collect$$libshutdown$$00000010)
    __rt_lib_shutdown_signal_1               0x080002d3   Thumb Code     0  libshutdown2.o(.ARM.Collect$$libshutdown$$0000000A)
    __rt_lib_shutdown_stdio_1                0x080002d3   Thumb Code     0  libshutdown2.o(.ARM.Collect$$libshutdown$$00000004)
    __rt_lib_shutdown_user_alloc_1           0x080002d3   Thumb Code     0  libshutdown2.o(.ARM.Collect$$libshutdown$$0000000C)
    __rt_entry                               0x080002d5   Thumb Code     0  __rtentry.o(.ARM.Collect$$rtentry$$00000000)
    __rt_entry_presh_1                       0x080002d5   Thumb Code     0  __rtentry2.o(.ARM.Collect$$rtentry$$00000002)
    __rt_entry_sh                            0x080002d5   Thumb Code     0  __rtentry4.o(.ARM.Collect$$rtentry$$00000004)
    __rt_entry_li                            0x080002db   Thumb Code     0  __rtentry2.o(.ARM.Collect$$rtentry$$0000000A)
    __rt_entry_postsh_1                      0x080002db   Thumb Code     0  __rtentry2.o(.ARM.Collect$$rtentry$$00000009)
    __rt_entry_main                          0x080002df   Thumb Code     0  __rtentry2.o(.ARM.Collect$$rtentry$$0000000D)
    __rt_entry_postli_1                      0x080002df   Thumb Code     0  __rtentry2.o(.ARM.Collect$$rtentry$$0000000C)
    __rt_exit                                0x080002e7   Thumb Code     0  rtexit.o(.ARM.Collect$$rtexit$$00000000)
    __rt_exit_ls                             0x080002e9   Thumb Code     0  rtexit2.o(.ARM.Collect$$rtexit$$00000003)
    __rt_exit_prels_1                        0x080002e9   Thumb Code     0  rtexit2.o(.ARM.Collect$$rtexit$$00000002)
    __rt_exit_exit                           0x080002ed   Thumb Code     0  rtexit2.o(.ARM.Collect$$rtexit$$00000004)
    Reset_Handler                            0x080002f5   Thumb Code     8  startup_stm32f411xe.o(.text)
    NMI_Handler                              0x080002fd   Thumb Code     2  startup_stm32f411xe.o(.text)
    HardFault_Handler                        0x080002ff   Thumb Code     2  startup_stm32f411xe.o(.text)
    MemManage_Handler                        0x08000301   Thumb Code     2  startup_stm32f411xe.o(.text)
    BusFault_Handler                         0x08000303   Thumb Code     2  startup_stm32f411xe.o(.text)
    UsageFault_Handler                       0x08000305   Thumb Code     2  startup_stm32f411xe.o(.text)
    SVC_Handler                              0x08000307   Thumb Code     2  startup_stm32f411xe.o(.text)
    DebugMon_Handler                         0x08000309   Thumb Code     2  startup_stm32f411xe.o(.text)
    PendSV_Handler                           0x0800030b   Thumb Code     2  startup_stm32f411xe.o(.text)
    ADC_IRQHandler                           0x0800030f   Thumb Code     0  startup_stm32f411xe.o(.text)
    DMA1_Stream0_IRQHandler                  0x0800030f   Thumb Code     0  startup_stm32f411xe.o(.text)
    DMA1_Stream1_IRQHandler                  0x0800030f   Thumb Code     0  startup_stm32f411xe.o(.text)
    DMA1_Stream2_IRQHandler                  0x0800030f   Thumb Code     0  startup_stm32f411xe.o(.text)
    DMA1_Stream3_IRQHandler                  0x0800030f   Thumb Code     0  startup_stm32f411xe.o(.text)
    DMA1_Stream4_IRQHandler                  0x0800030f   Thumb Code     0  startup_stm32f411xe.o(.text)
    DMA1_Stream5_IRQHandler                  0x0800030f   Thumb Code     0  startup_stm32f411xe.o(.text)
    DMA1_Stream6_IRQHandler                  0x0800030f   Thumb Code     0  startup_stm32f411xe.o(.text)
    DMA1_Stream7_IRQHandler                  0x0800030f   Thumb Code     0  startup_stm32f411xe.o(.text)
    DMA2_Stream0_IRQHandler                  0x0800030f   Thumb Code     0  startup_stm32f411xe.o(.text)
    DMA2_Stream1_IRQHandler                  0x0800030f   Thumb Code     0  startup_stm32f411xe.o(.text)
    DMA2_Stream2_IRQHandler                  0x0800030f   Thumb Code     0  startup_stm32f411xe.o(.text)
    DMA2_Stream3_IRQHandler                  0x0800030f   Thumb Code     0  startup_stm32f411xe.o(.text)
    DMA2_Stream4_IRQHandler                  0x0800030f   Thumb Code     0  startup_stm32f411xe.o(.text)
    DMA2_Stream5_IRQHandler                  0x0800030f   Thumb Code     0  startup_stm32f411xe.o(.text)
    DMA2_Stream6_IRQHandler                  0x0800030f   Thumb Code     0  startup_stm32f411xe.o(.text)
    DMA2_Stream7_IRQHandler                  0x0800030f   Thumb Code     0  startup_stm32f411xe.o(.text)
    EXTI0_IRQHandler                         0x0800030f   Thumb Code     0  startup_stm32f411xe.o(.text)
    EXTI15_10_IRQHandler                     0x0800030f   Thumb Code     0  startup_stm32f411xe.o(.text)
    EXTI1_IRQHandler                         0x0800030f   Thumb Code     0  startup_stm32f411xe.o(.text)
    EXTI2_IRQHandler                         0x0800030f   Thumb Code     0  startup_stm32f411xe.o(.text)
    EXTI3_IRQHandler                         0x0800030f   Thumb Code     0  startup_stm32f411xe.o(.text)
    EXTI4_IRQHandler                         0x0800030f   Thumb Code     0  startup_stm32f411xe.o(.text)
    EXTI9_5_IRQHandler                       0x0800030f   Thumb Code     0  startup_stm32f411xe.o(.text)
    FLASH_IRQHandler                         0x0800030f   Thumb Code     0  startup_stm32f411xe.o(.text)
    FPU_IRQHandler                           0x0800030f   Thumb Code     0  startup_stm32f411xe.o(.text)
    I2C1_ER_IRQHandler                       0x0800030f   Thumb Code     0  startup_stm32f411xe.o(.text)
    I2C1_EV_IRQHandler                       0x0800030f   Thumb Code     0  startup_stm32f411xe.o(.text)
    I2C2_ER_IRQHandler                       0x0800030f   Thumb Code     0  startup_stm32f411xe.o(.text)
    I2C2_EV_IRQHandler                       0x0800030f   Thumb Code     0  startup_stm32f411xe.o(.text)
    I2C3_ER_IRQHandler                       0x0800030f   Thumb Code     0  startup_stm32f411xe.o(.text)
    I2C3_EV_IRQHandler                       0x0800030f   Thumb Code     0  startup_stm32f411xe.o(.text)
    OTG_FS_IRQHandler                        0x0800030f   Thumb Code     0  startup_stm32f411xe.o(.text)
    OTG_FS_WKUP_IRQHandler                   0x0800030f   Thumb Code     0  startup_stm32f411xe.o(.text)
    PVD_IRQHandler                           0x0800030f   Thumb Code     0  startup_stm32f411xe.o(.text)
    RCC_IRQHandler                           0x0800030f   Thumb Code     0  startup_stm32f411xe.o(.text)
    RTC_Alarm_IRQHandler                     0x0800030f   Thumb Code     0  startup_stm32f411xe.o(.text)
    RTC_WKUP_IRQHandler                      0x0800030f   Thumb Code     0  startup_stm32f411xe.o(.text)
    SDIO_IRQHandler                          0x0800030f   Thumb Code     0  startup_stm32f411xe.o(.text)
    SPI1_IRQHandler                          0x0800030f   Thumb Code     0  startup_stm32f411xe.o(.text)
    SPI2_IRQHandler                          0x0800030f   Thumb Code     0  startup_stm32f411xe.o(.text)
    SPI3_IRQHandler                          0x0800030f   Thumb Code     0  startup_stm32f411xe.o(.text)
    SPI4_IRQHandler                          0x0800030f   Thumb Code     0  startup_stm32f411xe.o(.text)
    SPI5_IRQHandler                          0x0800030f   Thumb Code     0  startup_stm32f411xe.o(.text)
    TAMP_STAMP_IRQHandler                    0x0800030f   Thumb Code     0  startup_stm32f411xe.o(.text)
    TIM1_BRK_TIM9_IRQHandler                 0x0800030f   Thumb Code     0  startup_stm32f411xe.o(.text)
    TIM1_CC_IRQHandler                       0x0800030f   Thumb Code     0  startup_stm32f411xe.o(.text)
    TIM1_TRG_COM_TIM11_IRQHandler            0x0800030f   Thumb Code     0  startup_stm32f411xe.o(.text)
    TIM1_UP_TIM10_IRQHandler                 0x0800030f   Thumb Code     0  startup_stm32f411xe.o(.text)
    TIM3_IRQHandler                          0x0800030f   Thumb Code     0  startup_stm32f411xe.o(.text)
    TIM4_IRQHandler                          0x0800030f   Thumb Code     0  startup_stm32f411xe.o(.text)
    TIM5_IRQHandler                          0x0800030f   Thumb Code     0  startup_stm32f411xe.o(.text)
    USART1_IRQHandler                        0x0800030f   Thumb Code     0  startup_stm32f411xe.o(.text)
    USART2_IRQHandler                        0x0800030f   Thumb Code     0  startup_stm32f411xe.o(.text)
    USART6_IRQHandler                        0x0800030f   Thumb Code     0  startup_stm32f411xe.o(.text)
    WWDG_IRQHandler                          0x0800030f   Thumb Code     0  startup_stm32f411xe.o(.text)
    __user_initial_stackheap                 0x08000311   Thumb Code     0  startup_stm32f411xe.o(.text)
    __aeabi_uldivmod                         0x08000335   Thumb Code     0  lludivv7m.o(.text)
    _ll_udiv                                 0x08000335   Thumb Code   240  lludivv7m.o(.text)
    printf                                   0x08000425   Thumb Code    20  printf.o(.text)
    strcmp                                   0x08000441   Thumb Code   124  strcmpv7em.o(.text)
    __use_two_region_memory                  0x080004bd   Thumb Code     2  heapauxi.o(.text)
    __rt_heap_escrow                         0x080004bf   Thumb Code     2  heapauxi.o(.text)
    __rt_heap_expand                         0x080004c1   Thumb Code     2  heapauxi.o(.text)
    _printf_pre_padding                      0x080004c3   Thumb Code    44  _printf_pad.o(.text)
    _printf_post_padding                     0x080004ef   Thumb Code    34  _printf_pad.o(.text)
    _printf_truncate_signed                  0x08000511   Thumb Code    18  _printf_truncate.o(.text)
    _printf_truncate_unsigned                0x08000523   Thumb Code    18  _printf_truncate.o(.text)
    _printf_str                              0x08000535   Thumb Code    82  _printf_str.o(.text)
    _printf_int_dec                          0x08000589   Thumb Code   104  _printf_dec.o(.text)
    _printf_charcount                        0x08000601   Thumb Code    40  _printf_charcount.o(.text)
    _printf_char_file                        0x08000629   Thumb Code    32  _printf_char_file.o(.text)
    _printf_wctomb                           0x0800064d   Thumb Code   182  _printf_wctomb.o(.text)
    _printf_longlong_dec                     0x08000709   Thumb Code   108  _printf_longlong_dec.o(.text)
    _printf_longlong_oct                     0x08000785   Thumb Code    68  _printf_oct_int_ll.o(.text)
    _printf_int_oct                          0x080007c9   Thumb Code    24  _printf_oct_int_ll.o(.text)
    _printf_ll_oct                           0x080007e1   Thumb Code    12  _printf_oct_int_ll.o(.text)
    _printf_longlong_hex                     0x080007f5   Thumb Code    86  _printf_hex_int_ll_ptr.o(.text)
    _printf_int_hex                          0x0800084b   Thumb Code    28  _printf_hex_int_ll_ptr.o(.text)
    _printf_ll_hex                           0x08000867   Thumb Code    12  _printf_hex_int_ll_ptr.o(.text)
    _printf_hex_ptr                          0x08000873   Thumb Code    18  _printf_hex_int_ll_ptr.o(.text)
    __printf                                 0x08000889   Thumb Code   388  __printf_flags_ss_wp.o(.text)
    _ll_udiv10                               0x08000a11   Thumb Code   138  lludiv10.o(.text)
    _printf_int_common                       0x08000a9b   Thumb Code   178  _printf_intcommon.o(.text)
    _printf_fp_dec_real                      0x08000cfd   Thumb Code   620  _printf_fp_dec.o(.text)
    _printf_fp_hex_real                      0x08000f69   Thumb Code   756  _printf_fp_hex.o(.text)
    _printf_char_common                      0x0800126f   Thumb Code    32  _printf_char_common.o(.text)
    _printf_cs_common                        0x08001295   Thumb Code    20  _printf_char.o(.text)
    _printf_char                             0x080012a9   Thumb Code    16  _printf_char.o(.text)
    _printf_string                           0x080012b9   Thumb Code     8  _printf_char.o(.text)
    _printf_lcs_common                       0x080012c1   Thumb Code    20  _printf_wchar.o(.text)
    _printf_wchar                            0x080012d5   Thumb Code    16  _printf_wchar.o(.text)
    _printf_wstring                          0x080012e5   Thumb Code     8  _printf_wchar.o(.text)
    ferror                                   0x080012ed   Thumb Code     8  ferror.o(.text)
    _initio                                  0x080012f5   Thumb Code   210  initio.o(.text)
    _terminateio                             0x080013c7   Thumb Code    56  initio.o(.text)
    _c16rtomb                                0x0800142d   Thumb Code    72  _c16rtomb.o(.text)
    _wcrtomb                                 0x0800142d   Thumb Code     0  _c16rtomb.o(.text)
    __user_setup_stackheap                   0x08001475   Thumb Code    74  sys_stackheap_outer.o(.text)
    __rt_ctype_table                         0x080014c1   Thumb Code    16  rt_ctype_table.o(.text)
    __rt_locale                              0x080014d1   Thumb Code     8  rt_locale_intlibspace.o(.text)
    free                                     0x080014d9   Thumb Code    78  h1_free.o(.text)
    _printf_fp_infnan                        0x08001529   Thumb Code   112  _printf_fp_infnan.o(.text)
    _btod_etento                             0x080015a9   Thumb Code   224  bigflt0.o(.text)
    __flsbuf                                 0x0800168d   Thumb Code   482  flsbuf.o(.text)
    __flsbuf_byte                            0x0800168d   Thumb Code     0  flsbuf.o(.text)
    __flsbuf_wide                            0x0800168d   Thumb Code     0  flsbuf.o(.text)
    setvbuf                                  0x0800186f   Thumb Code    70  setvbuf.o(.text)
    freopen                                  0x080018b5   Thumb Code   160  fopen.o(.text)
    fopen                                    0x08001955   Thumb Code    74  fopen.o(.text)
    _fclose_internal                         0x080019a5   Thumb Code    76  fclose.o(.text)
    fclose                                   0x080019a5   Thumb Code     0  fclose.o(.text)
    exit                                     0x080019f1   Thumb Code    18  exit.o(.text)
    __rt_SIGRTRED                            0x08001a03   Thumb Code    14  defsig_rtred_outer.o(.text)
    __aeabi_memclr4                          0x08001a11   Thumb Code     0  rt_memclr_w.o(.text)
    __aeabi_memclr8                          0x08001a11   Thumb Code     0  rt_memclr_w.o(.text)
    __rt_memclr_w                            0x08001a11   Thumb Code     0  rt_memclr_w.o(.text)
    _memset_w                                0x08001a15   Thumb Code    74  rt_memclr_w.o(.text)
    __user_libspace                          0x08001a61   Thumb Code     8  libspace.o(.text)
    __user_perproc_libspace                  0x08001a61   Thumb Code     0  libspace.o(.text)
    __user_perthread_libspace                0x08001a61   Thumb Code     0  libspace.o(.text)
    __rt_heap_descriptor                     0x08001a69   Thumb Code     8  rt_heap_descriptor_intlibspace.o(.text)
    __use_no_heap                            0x08001a71   Thumb Code     2  hguard.o(.text)
    __heap$guard                             0x08001a73   Thumb Code     2  hguard.o(.text)
    _terminate_user_alloc                    0x08001a75   Thumb Code     2  init_alloc.o(.text)
    _init_user_alloc                         0x08001a77   Thumb Code     2  init_alloc.o(.text)
    __Heap_Full                              0x08001a79   Thumb Code    34  init_alloc.o(.text)
    __Heap_Broken                            0x08001a9b   Thumb Code     6  init_alloc.o(.text)
    _init_alloc                              0x08001aa1   Thumb Code    94  init_alloc.o(.text)
    malloc                                   0x08001aff   Thumb Code    94  h1_alloc.o(.text)
    _fseek                                   0x08001b5d   Thumb Code   242  fseek.o(.text)
    fseek                                    0x08001b5d   Thumb Code     0  fseek.o(.text)
    _seterr                                  0x08001c55   Thumb Code    20  stdio.o(.text)
    _writebuf                                0x08001c69   Thumb Code    84  stdio.o(.text)
    _fflush                                  0x08001cbd   Thumb Code    70  stdio.o(.text)
    _deferredlazyseek                        0x08001d03   Thumb Code    60  stdio.o(.text)
    __sig_exit                               0x08001d45   Thumb Code    10  defsig_exit.o(.text)
    __rt_SIGRTRED_inner                      0x08001d51   Thumb Code    14  defsig_rtred_inner.o(.text)
    _sys_exit                                0x08001d85   Thumb Code     8  sys_exit.o(.text)
    __Heap_Initialize                        0x08001d91   Thumb Code    10  h1_init.o(.text)
    _maybe_terminate_alloc                   0x08001d91   Thumb Code     0  maybetermalloc1.o(.text)
    __Heap_DescSize                          0x08001d9b   Thumb Code     4  h1_init.o(.text)
    __Heap_ProvideMemory                     0x08001d9f   Thumb Code    52  h1_extend.o(.text)
    _ftell_internal                          0x08001dd3   Thumb Code    66  ftell.o(.text)
    ftell                                    0x08001dd3   Thumb Code     0  ftell.o(.text)
    __default_signal_display                 0x08001e15   Thumb Code    50  defsig_general.o(.text)
    __rt_SIGRTMEM                            0x08001e47   Thumb Code    14  defsig_rtmem_outer.o(.text)
    _ttywrch                                 0x08001e55   Thumb Code    14  sys_wrch.o(.text)
    __I$use$semihosting                      0x08001e63   Thumb Code     0  use_no_semi.o(.text)
    __use_no_semihosting_swi                 0x08001e63   Thumb Code     2  use_no_semi.o(.text)
    __aeabi_errno_addr                       0x08001e65   Thumb Code     8  rt_errno_addr_intlibspace.o(.text)
    __errno$intlibspace                      0x08001e65   Thumb Code     0  rt_errno_addr_intlibspace.o(.text)
    __rt_errno_addr$intlibspace              0x08001e65   Thumb Code     0  rt_errno_addr_intlibspace.o(.text)
    __semihosting_library_function           0x08001e65   Thumb Code     0  indicate_semi.o(.text)
    __rt_SIGRTMEM_inner                      0x08001e6d   Thumb Code    22  defsig_rtmem_inner.o(.text)
    DISP_Init                                0x08001ebd   Thumb Code    16  display.o(.text.DISP_Init)
    ITM_SendChar                             0x08001ecd   Thumb Code    66  retarget_io.o(.text.ITM_SendChar)
    LED_Init                                 0x08001f11   Thumb Code   126  led.o(.text.LED_Init)
    LL_GPIO_Init                             0x08001f91   Thumb Code   264  stm32f4xx_ll_gpio.o(.text.LL_GPIO_Init)
    LL_RCC_GetSystemClocksFreq               0x0800238d   Thumb Code    54  stm32f4xx_ll_rcc.o(.text.LL_RCC_GetSystemClocksFreq)
    LL_TIM_Init                              0x0800242d   Thumb Code   302  stm32f4xx_ll_tim.o(.text.LL_TIM_Init)
    LL_USART_Init                            0x080025b1   Thumb Code   210  stm32f4xx_ll_usart.o(.text.LL_USART_Init)
    RCC_GetHCLKClockFreq                     0x0800277d   Thumb Code    38  stm32f4xx_ll_rcc.o(.text.RCC_GetHCLKClockFreq)
    RCC_GetPCLK1ClockFreq                    0x080027a5   Thumb Code    36  stm32f4xx_ll_rcc.o(.text.RCC_GetPCLK1ClockFreq)
    RCC_GetPCLK2ClockFreq                    0x080027c9   Thumb Code    36  stm32f4xx_ll_rcc.o(.text.RCC_GetPCLK2ClockFreq)
    RCC_GetSystemClockFreq                   0x080027ed   Thumb Code    88  stm32f4xx_ll_rcc.o(.text.RCC_GetSystemClockFreq)
    RCC_PLL_GetFreqDomain_SYS                0x08002845   Thumb Code   142  stm32f4xx_ll_rcc.o(.text.RCC_PLL_GetFreqDomain_SYS)
    SW_Init                                  0x080028d5   Thumb Code   218  sw.o(.text.SW_Init)
    SysTick_Handler                          0x08002a05   Thumb Code    18  timer.o(.text.SysTick_Handler)
    SystemInit                               0x08002a19   Thumb Code    32  system_stm32f4xx.o(.text.SystemInit)
    TIM2_IRQHandler                          0x08002a39   Thumb Code    32  timer.o(.text.TIM2_IRQHandler)
    TMR2_Init                                0x08002a59   Thumb Code    56  timer.o(.text.TMR2_Init)
    TMR2_SetCounter                          0x08002a91   Thumb Code    72  timer.o(.text.TMR2_SetCounter)
    TMR2_Start                               0x08002ad9   Thumb Code    12  timer.o(.text.TMR2_Start)
    TMR_Init                                 0x08002ae5   Thumb Code    20  timer.o(.text.TMR_Init)
    TMR_Start                                0x08002af9   Thumb Code    18  timer.o(.text.TMR_Start)
    TMR_Stop                                 0x08002b0d   Thumb Code    18  timer.o(.text.TMR_Stop)
    UART_Init                                0x08002b21   Thumb Code   162  uart.o(.text.UART_Init)
    VC_Init                                  0x08002bc5   Thumb Code    14  vc.o(.text.VC_Init)
    _sys_close                               0x08002c49   Thumb Code    74  retarget_io.o(.text._sys_close)
    _sys_flen                                0x08002c95   Thumb Code    72  retarget_io.o(.text._sys_flen)
    _sys_istty                               0x08002cdd   Thumb Code    72  retarget_io.o(.text._sys_istty)
    _sys_open                                0x08002d25   Thumb Code   134  retarget_io.o(.text._sys_open)
    _sys_seek                                0x08002dad   Thumb Code    82  retarget_io.o(.text._sys_seek)
    _sys_write                               0x08002e01   Thumb Code   152  retarget_io.o(.text._sys_write)
    main                                     0x08002e99   Thumb Code    60  main.o(.text.main)
    _btod_d2e                                0x08002ef1   Thumb Code    62  btod.o(CL$$btod_d2e)
    _d2e_denorm_low                          0x08002f2f   Thumb Code    70  btod.o(CL$$btod_d2e_denorm_low)
    _d2e_norm_op1                            0x08002f75   Thumb Code    96  btod.o(CL$$btod_d2e_norm_op1)
    __btod_div_common                        0x08002fd5   Thumb Code   696  btod.o(CL$$btod_div_common)
    _e2e                                     0x0800330d   Thumb Code   220  btod.o(CL$$btod_e2e)
    _btod_ediv                               0x080033e9   Thumb Code    42  btod.o(CL$$btod_ediv)
    _btod_emul                               0x08003413   Thumb Code    42  btod.o(CL$$btod_emul)
    __btod_mult_common                       0x0800343d   Thumb Code   580  btod.o(CL$$btod_mult_common)
    __ARM_fpclassify                         0x08003681   Thumb Code    48  fpclassify.o(i.__ARM_fpclassify)
    _is_digit                                0x080036b1   Thumb Code    14  __printf_wp.o(i._is_digit)
    fputc                                    0x080036bf   Thumb Code    28  fputc.o(i.fputc)
    _get_lc_numeric                          0x080036dd   Thumb Code    44  lc_numeric_c.o(locale$$code)
    _get_lc_ctype                            0x08003709   Thumb Code    44  lc_ctype_c.o(locale$$code)
    _fp_init                                 0x08003735   Thumb Code    26  fpinit.o(x$fpl$fpinit)
    __fplib_config_fpu_vfp                   0x0800374d   Thumb Code     0  fpinit.o(x$fpl$fpinit)
    __fplib_config_pureend_doubles           0x0800374d   Thumb Code     0  fpinit.o(x$fpl$fpinit)
    _printf_fp_dec                           0x0800374f   Thumb Code     4  printf1.o(x$fpl$printf1)
    _printf_fp_hex                           0x08003753   Thumb Code     4  printf2.o(x$fpl$printf2)
    __I$use$fp                               0x08003756   Number         0  usenofp.o(x$fpl$usenofp)
    AHBPrescTable                            0x08003854   Data          16  system_stm32f4xx.o(.rodata.AHBPrescTable)
    APBPrescTable                            0x08003864   Data           8  system_stm32f4xx.o(.rodata.APBPrescTable)
    __stderr_name                            0x0800386c   Data           8  retarget_io.o(.rodata.__stderr_name)
    __stdin_name                             0x08003874   Data           7  retarget_io.o(.rodata.__stdin_name)
    __stdout_name                            0x0800387b   Data           8  retarget_io.o(.rodata.__stdout_name)
    Region$$Table$$Base                      0x080038bc   Number         0  anon$$obj.o(Region$$Table)
    Region$$Table$$Limit                     0x080038dc   Number         0  anon$$obj.o(Region$$Table)
    __ctype                                  0x08003905   Data           0  lc_ctype_c.o(locale$$data)
    __aeabi_stdin                            0x20000000   Data           4  stdio_streams.o(.data)
    __aeabi_stdout                           0x20000004   Data           4  stdio_streams.o(.data)
    __aeabi_stderr                           0x20000008   Data           4  stdio_streams.o(.data)
    __stdin                                  0x20000010   Data          84  stdio_streams.o(.bss)
    __stdout                                 0x20000064   Data          84  stdio_streams.o(.bss)
    __stderr                                 0x200000b8   Data          84  stdio_streams.o(.bss)
    __libspace_start                         0x2000010c   Data          96  libspace.o(.bss)
    __temporary_stack_top$libspace           0x2000016c   Data           0  libspace.o(.bss)
    TIM2_Config                              0x20000184   Data          20  timer.o(.bss.TIM2_Config)
    fire                                     0x20000198   Data           4  timer.o(.bss.fire)
    tick                                     0x200001a0   Data           4  timer.o(.bss.tick)



==============================================================================

Memory Map of the image

  Image Entry point : 0x080002f5

  Load Region LR_1 (Base: 0x08000000, Size: 0x00003a14, Max: 0xffffffff, ABSOLUTE)

    Execution Region ER_RO (Exec base: 0x08000000, Load base: 0x08000000, Size: 0x00003a08, Max: 0xffffffff, ABSOLUTE)

    Exec Addr    Load Addr    Size         Type   Attr      Idx    E Section Name        Object

    0x08000000   0x08000000   0x00000198   Data   RO            3    RESET               startup_stm32f411xe.o
    0x08000198   0x08000198   0x00000008   Code   RO          443  * !!!main             c_w.l(__main.o)
    0x080001a0   0x080001a0   0x00000034   Code   RO          964    !!!scatter          c_w.l(__scatter.o)
    0x080001d4   0x080001d4   0x0000001a   Code   RO          966    !!handler_copy      c_w.l(__scatter_copy.o)
    0x080001ee   0x080001ee   0x00000002   PAD
    0x080001f0   0x080001f0   0x0000001c   Code   RO          968    !!handler_zi        c_w.l(__scatter_zi.o)
    0x0800020c   0x0800020c   0x00000000   Code   RO          529    .ARM.Collect$$_printf_percent$$00000000  c_w.l(_printf_percent.o)
    0x0800020c   0x0800020c   0x00000006   Code   RO          518    .ARM.Collect$$_printf_percent$$00000001  c_w.l(_printf_n.o)
    0x08000212   0x08000212   0x00000006   Code   RO          520    .ARM.Collect$$_printf_percent$$00000002  c_w.l(_printf_p.o)
    0x08000218   0x08000218   0x00000006   Code   RO          525    .ARM.Collect$$_printf_percent$$00000003  c_w.l(_printf_f.o)
    0x0800021e   0x0800021e   0x00000006   Code   RO          526    .ARM.Collect$$_printf_percent$$00000004  c_w.l(_printf_e.o)
    0x08000224   0x08000224   0x00000006   Code   RO          527    .ARM.Collect$$_printf_percent$$00000005  c_w.l(_printf_g.o)
    0x0800022a   0x0800022a   0x00000006   Code   RO          528    .ARM.Collect$$_printf_percent$$00000006  c_w.l(_printf_a.o)
    0x08000230   0x08000230   0x0000000a   Code   RO          533    .ARM.Collect$$_printf_percent$$00000007  c_w.l(_printf_ll.o)
    0x0800023a   0x0800023a   0x00000006   Code   RO          522    .ARM.Collect$$_printf_percent$$00000008  c_w.l(_printf_i.o)
    0x08000240   0x08000240   0x00000006   Code   RO          523    .ARM.Collect$$_printf_percent$$00000009  c_w.l(_printf_d.o)
    0x08000246   0x08000246   0x00000006   Code   RO          524    .ARM.Collect$$_printf_percent$$0000000A  c_w.l(_printf_u.o)
    0x0800024c   0x0800024c   0x00000006   Code   RO          521    .ARM.Collect$$_printf_percent$$0000000B  c_w.l(_printf_o.o)
    0x08000252   0x08000252   0x00000006   Code   RO          519    .ARM.Collect$$_printf_percent$$0000000C  c_w.l(_printf_x.o)
    0x08000258   0x08000258   0x00000006   Code   RO          530    .ARM.Collect$$_printf_percent$$0000000D  c_w.l(_printf_lli.o)
    0x0800025e   0x0800025e   0x00000006   Code   RO          531    .ARM.Collect$$_printf_percent$$0000000E  c_w.l(_printf_lld.o)
    0x08000264   0x08000264   0x00000006   Code   RO          532    .ARM.Collect$$_printf_percent$$0000000F  c_w.l(_printf_llu.o)
    0x0800026a   0x0800026a   0x00000006   Code   RO          537    .ARM.Collect$$_printf_percent$$00000010  c_w.l(_printf_llo.o)
    0x08000270   0x08000270   0x00000006   Code   RO          538    .ARM.Collect$$_printf_percent$$00000011  c_w.l(_printf_llx.o)
    0x08000276   0x08000276   0x0000000a   Code   RO          534    .ARM.Collect$$_printf_percent$$00000012  c_w.l(_printf_l.o)
    0x08000280   0x08000280   0x00000006   Code   RO          516    .ARM.Collect$$_printf_percent$$00000013  c_w.l(_printf_c.o)
    0x08000286   0x08000286   0x00000006   Code   RO          517    .ARM.Collect$$_printf_percent$$00000014  c_w.l(_printf_s.o)
    0x0800028c   0x0800028c   0x00000006   Code   RO          535    .ARM.Collect$$_printf_percent$$00000015  c_w.l(_printf_lc.o)
    0x08000292   0x08000292   0x00000006   Code   RO          536    .ARM.Collect$$_printf_percent$$00000016  c_w.l(_printf_ls.o)
    0x08000298   0x08000298   0x00000004   Code   RO          587    .ARM.Collect$$_printf_percent$$00000017  c_w.l(_printf_percent_end.o)
    0x0800029c   0x0800029c   0x00000002   Code   RO          735    .ARM.Collect$$libinit$$00000000  c_w.l(libinit.o)
    0x0800029e   0x0800029e   0x00000004   Code   RO          736    .ARM.Collect$$libinit$$00000001  c_w.l(libinit2.o)
    0x080002a2   0x080002a2   0x00000000   Code   RO          739    .ARM.Collect$$libinit$$00000004  c_w.l(libinit2.o)
    0x080002a2   0x080002a2   0x00000000   Code   RO          741    .ARM.Collect$$libinit$$00000006  c_w.l(libinit2.o)
    0x080002a2   0x080002a2   0x00000008   Code   RO          742    .ARM.Collect$$libinit$$00000007  c_w.l(libinit2.o)
    0x080002aa   0x080002aa   0x00000000   Code   RO          744    .ARM.Collect$$libinit$$0000000C  c_w.l(libinit2.o)
    0x080002aa   0x080002aa   0x00000000   Code   RO          746    .ARM.Collect$$libinit$$0000000E  c_w.l(libinit2.o)
    0x080002aa   0x080002aa   0x00000000   Code   RO          748    .ARM.Collect$$libinit$$00000010  c_w.l(libinit2.o)
    0x080002aa   0x080002aa   0x00000006   Code   RO          749    .ARM.Collect$$libinit$$00000011  c_w.l(libinit2.o)
    0x080002b0   0x080002b0   0x00000000   Code   RO          751    .ARM.Collect$$libinit$$00000013  c_w.l(libinit2.o)
    0x080002b0   0x080002b0   0x0000000c   Code   RO          752    .ARM.Collect$$libinit$$00000014  c_w.l(libinit2.o)
    0x080002bc   0x080002bc   0x00000000   Code   RO          753    .ARM.Collect$$libinit$$00000015  c_w.l(libinit2.o)
    0x080002bc   0x080002bc   0x00000000   Code   RO          755    .ARM.Collect$$libinit$$00000017  c_w.l(libinit2.o)
    0x080002bc   0x080002bc   0x0000000a   Code   RO          756    .ARM.Collect$$libinit$$00000018  c_w.l(libinit2.o)
    0x080002c6   0x080002c6   0x00000000   Code   RO          757    .ARM.Collect$$libinit$$00000019  c_w.l(libinit2.o)
    0x080002c6   0x080002c6   0x00000000   Code   RO          759    .ARM.Collect$$libinit$$0000001B  c_w.l(libinit2.o)
    0x080002c6   0x080002c6   0x00000000   Code   RO          761    .ARM.Collect$$libinit$$0000001D  c_w.l(libinit2.o)
    0x080002c6   0x080002c6   0x00000000   Code   RO          763    .ARM.Collect$$libinit$$0000001F  c_w.l(libinit2.o)
    0x080002c6   0x080002c6   0x00000000   Code   RO          765    .ARM.Collect$$libinit$$00000021  c_w.l(libinit2.o)
    0x080002c6   0x080002c6   0x00000000   Code   RO          767    .ARM.Collect$$libinit$$00000023  c_w.l(libinit2.o)
    0x080002c6   0x080002c6   0x00000000   Code   RO          769    .ARM.Collect$$libinit$$00000025  c_w.l(libinit2.o)
    0x080002c6   0x080002c6   0x00000004   Code   RO          770    .ARM.Collect$$libinit$$00000026  c_w.l(libinit2.o)
    0x080002ca   0x080002ca   0x00000000   Code   RO          771    .ARM.Collect$$libinit$$00000027  c_w.l(libinit2.o)
    0x080002ca   0x080002ca   0x00000000   Code   RO          775    .ARM.Collect$$libinit$$0000002E  c_w.l(libinit2.o)
    0x080002ca   0x080002ca   0x00000000   Code   RO          777    .ARM.Collect$$libinit$$00000030  c_w.l(libinit2.o)
    0x080002ca   0x080002ca   0x00000000   Code   RO          779    .ARM.Collect$$libinit$$00000032  c_w.l(libinit2.o)
    0x080002ca   0x080002ca   0x00000000   Code   RO          781    .ARM.Collect$$libinit$$00000034  c_w.l(libinit2.o)
    0x080002ca   0x080002ca   0x00000002   Code   RO          782    .ARM.Collect$$libinit$$00000035  c_w.l(libinit2.o)
    0x080002cc   0x080002cc   0x00000002   Code   RO          945    .ARM.Collect$$libshutdown$$00000000  c_w.l(libshutdown.o)
    0x080002ce   0x080002ce   0x00000000   Code   RO          784    .ARM.Collect$$libshutdown$$00000002  c_w.l(libshutdown2.o)
    0x080002ce   0x080002ce   0x00000004   Code   RO          785    .ARM.Collect$$libshutdown$$00000003  c_w.l(libshutdown2.o)
    0x080002d2   0x080002d2   0x00000000   Code   RO          786    .ARM.Collect$$libshutdown$$00000004  c_w.l(libshutdown2.o)
    0x080002d2   0x080002d2   0x00000000   Code   RO          789    .ARM.Collect$$libshutdown$$00000007  c_w.l(libshutdown2.o)
    0x080002d2   0x080002d2   0x00000000   Code   RO          792    .ARM.Collect$$libshutdown$$0000000A  c_w.l(libshutdown2.o)
    0x080002d2   0x080002d2   0x00000000   Code   RO          794    .ARM.Collect$$libshutdown$$0000000C  c_w.l(libshutdown2.o)
    0x080002d2   0x080002d2   0x00000000   Code   RO          797    .ARM.Collect$$libshutdown$$0000000F  c_w.l(libshutdown2.o)
    0x080002d2   0x080002d2   0x00000002   Code   RO          798    .ARM.Collect$$libshutdown$$00000010  c_w.l(libshutdown2.o)
    0x080002d4   0x080002d4   0x00000000   Code   RO          445    .ARM.Collect$$rtentry$$00000000  c_w.l(__rtentry.o)
    0x080002d4   0x080002d4   0x00000000   Code   RO          554    .ARM.Collect$$rtentry$$00000002  c_w.l(__rtentry2.o)
    0x080002d4   0x080002d4   0x00000006   Code   RO          566    .ARM.Collect$$rtentry$$00000004  c_w.l(__rtentry4.o)
    0x080002da   0x080002da   0x00000000   Code   RO          556    .ARM.Collect$$rtentry$$00000009  c_w.l(__rtentry2.o)
    0x080002da   0x080002da   0x00000004   Code   RO          557    .ARM.Collect$$rtentry$$0000000A  c_w.l(__rtentry2.o)
    0x080002de   0x080002de   0x00000000   Code   RO          559    .ARM.Collect$$rtentry$$0000000C  c_w.l(__rtentry2.o)
    0x080002de   0x080002de   0x00000008   Code   RO          560    .ARM.Collect$$rtentry$$0000000D  c_w.l(__rtentry2.o)
    0x080002e6   0x080002e6   0x00000002   Code   RO          809    .ARM.Collect$$rtexit$$00000000  c_w.l(rtexit.o)
    0x080002e8   0x080002e8   0x00000000   Code   RO          872    .ARM.Collect$$rtexit$$00000002  c_w.l(rtexit2.o)
    0x080002e8   0x080002e8   0x00000004   Code   RO          873    .ARM.Collect$$rtexit$$00000003  c_w.l(rtexit2.o)
    0x080002ec   0x080002ec   0x00000006   Code   RO          874    .ARM.Collect$$rtexit$$00000004  c_w.l(rtexit2.o)
    0x080002f2   0x080002f2   0x00000002   PAD
    0x080002f4   0x080002f4   0x00000040   Code   RO            4  * .text               startup_stm32f411xe.o
    0x08000334   0x08000334   0x000000f0   Code   RO          435    .text               c_w.l(lludivv7m.o)
    0x08000424   0x08000424   0x00000018   Code   RO          437    .text               c_w.l(printf.o)
    0x0800043c   0x0800043c   0x00000004   PAD
    0x08000440   0x08000440   0x0000007c   Code   RO          439    .text               c_w.l(strcmpv7em.o)
    0x080004bc   0x080004bc   0x00000006   Code   RO          441    .text               c_w.l(heapauxi.o)
    0x080004c2   0x080004c2   0x0000004e   Code   RO          452    .text               c_w.l(_printf_pad.o)
    0x08000510   0x08000510   0x00000024   Code   RO          454    .text               c_w.l(_printf_truncate.o)
    0x08000534   0x08000534   0x00000052   Code   RO          456    .text               c_w.l(_printf_str.o)
    0x08000586   0x08000586   0x00000002   PAD
    0x08000588   0x08000588   0x00000078   Code   RO          458    .text               c_w.l(_printf_dec.o)
    0x08000600   0x08000600   0x00000028   Code   RO          460    .text               c_w.l(_printf_charcount.o)
    0x08000628   0x08000628   0x00000024   Code   RO          462    .text               c_w.l(_printf_char_file.o)
    0x0800064c   0x0800064c   0x000000bc   Code   RO          464    .text               c_w.l(_printf_wctomb.o)
    0x08000708   0x08000708   0x0000007c   Code   RO          467    .text               c_w.l(_printf_longlong_dec.o)
    0x08000784   0x08000784   0x00000070   Code   RO          473    .text               c_w.l(_printf_oct_int_ll.o)
    0x080007f4   0x080007f4   0x00000094   Code   RO          493    .text               c_w.l(_printf_hex_int_ll_ptr.o)
    0x08000888   0x08000888   0x00000188   Code   RO          513    .text               c_w.l(__printf_flags_ss_wp.o)
    0x08000a10   0x08000a10   0x0000008a   Code   RO          570    .text               c_w.l(lludiv10.o)
    0x08000a9a   0x08000a9a   0x000000b2   Code   RO          572    .text               c_w.l(_printf_intcommon.o)
    0x08000b4c   0x08000b4c   0x0000041c   Code   RO          574    .text               c_w.l(_printf_fp_dec.o)
    0x08000f68   0x08000f68   0x000002fc   Code   RO          578    .text               c_w.l(_printf_fp_hex.o)
    0x08001264   0x08001264   0x00000030   Code   RO          581    .text               c_w.l(_printf_char_common.o)
    0x08001294   0x08001294   0x0000002c   Code   RO          583    .text               c_w.l(_printf_char.o)
    0x080012c0   0x080012c0   0x0000002c   Code   RO          585    .text               c_w.l(_printf_wchar.o)
    0x080012ec   0x080012ec   0x00000008   Code   RO          588    .text               c_w.l(ferror.o)
    0x080012f4   0x080012f4   0x00000138   Code   RO          594    .text               c_w.l(initio.o)
    0x0800142c   0x0800142c   0x00000048   Code   RO          602    .text               c_w.l(_c16rtomb.o)
    0x08001474   0x08001474   0x0000004a   Code   RO          606    .text               c_w.l(sys_stackheap_outer.o)
    0x080014be   0x080014be   0x00000002   PAD
    0x080014c0   0x080014c0   0x00000010   Code   RO          608    .text               c_w.l(rt_ctype_table.o)
    0x080014d0   0x080014d0   0x00000008   Code   RO          613    .text               c_w.l(rt_locale_intlibspace.o)
    0x080014d8   0x080014d8   0x0000004e   Code   RO          617    .text               c_w.l(h1_free.o)
    0x08001526   0x08001526   0x00000002   PAD
    0x08001528   0x08001528   0x00000080   Code   RO          671    .text               c_w.l(_printf_fp_infnan.o)
    0x080015a8   0x080015a8   0x000000e4   Code   RO          675    .text               c_w.l(bigflt0.o)
    0x0800168c   0x0800168c   0x000001e2   Code   RO          702    .text               c_w.l(flsbuf.o)
    0x0800186e   0x0800186e   0x00000046   Code   RO          704    .text               c_w.l(setvbuf.o)
    0x080018b4   0x080018b4   0x000000f0   Code   RO          707    .text               c_w.l(fopen.o)
    0x080019a4   0x080019a4   0x0000004c   Code   RO          709    .text               c_w.l(fclose.o)
    0x080019f0   0x080019f0   0x00000012   Code   RO          718    .text               c_w.l(exit.o)
    0x08001a02   0x08001a02   0x0000000e   Code   RO          724    .text               c_w.l(defsig_rtred_outer.o)
    0x08001a10   0x08001a10   0x0000004e   Code   RO          728    .text               c_w.l(rt_memclr_w.o)
    0x08001a5e   0x08001a5e   0x00000002   PAD
    0x08001a60   0x08001a60   0x00000008   Code   RO          806    .text               c_w.l(libspace.o)
    0x08001a68   0x08001a68   0x00000008   Code   RO          816    .text               c_w.l(rt_heap_descriptor_intlibspace.o)
    0x08001a70   0x08001a70   0x00000004   Code   RO          818    .text               c_w.l(hguard.o)
    0x08001a74   0x08001a74   0x0000008a   Code   RO          820    .text               c_w.l(init_alloc.o)
    0x08001afe   0x08001afe   0x0000005e   Code   RO          826    .text               c_w.l(h1_alloc.o)
    0x08001b5c   0x08001b5c   0x000000f8   Code   RO          842    .text               c_w.l(fseek.o)
    0x08001c54   0x08001c54   0x000000f0   Code   RO          844    .text               c_w.l(stdio.o)
    0x08001d44   0x08001d44   0x0000000a   Code   RO          853    .text               c_w.l(defsig_exit.o)
    0x08001d4e   0x08001d4e   0x00000002   PAD
    0x08001d50   0x08001d50   0x00000034   Code   RO          857    .text               c_w.l(defsig_rtred_inner.o)
    0x08001d84   0x08001d84   0x0000000c   Code   RO          867    .text               c_w.l(sys_exit.o)
    0x08001d90   0x08001d90   0x00000000   Code   RO          878    .text               c_w.l(maybetermalloc1.o)
    0x08001d90   0x08001d90   0x0000000e   Code   RO          880    .text               c_w.l(h1_init.o)
    0x08001d9e   0x08001d9e   0x00000034   Code   RO          882    .text               c_w.l(h1_extend.o)
    0x08001dd2   0x08001dd2   0x00000042   Code   RO          894    .text               c_w.l(ftell.o)
    0x08001e14   0x08001e14   0x00000032   Code   RO          902    .text               c_w.l(defsig_general.o)
    0x08001e46   0x08001e46   0x0000000e   Code   RO          904    .text               c_w.l(defsig_rtmem_outer.o)
    0x08001e54   0x08001e54   0x0000000e   Code   RO          919    .text               c_w.l(sys_wrch.o)
    0x08001e62   0x08001e62   0x00000002   Code   RO          927    .text               c_w.l(use_no_semi.o)
    0x08001e64   0x08001e64   0x00000000   Code   RO          929    .text               c_w.l(indicate_semi.o)
    0x08001e64   0x08001e64   0x00000008   Code   RO          933    .text               c_w.l(rt_errno_addr_intlibspace.o)
    0x08001e6c   0x08001e6c   0x00000050   Code   RO          939    .text               c_w.l(defsig_rtmem_inner.o)
    0x08001ebc   0x08001ebc   0x00000010   Code   RO          243    .text.DISP_Init     display.o
    0x08001ecc   0x08001ecc   0x00000042   Code   RO          398    .text.ITM_SendChar  retarget_io.o
    0x08001f0e   0x08001f0e   0x00000002   PAD
    0x08001f10   0x08001f10   0x0000007e   Code   RO          257    .text.LED_Init      led.o
    0x08001f8e   0x08001f8e   0x00000002   PAD
    0x08001f90   0x08001f90   0x00000108   Code   RO          106    .text.LL_GPIO_Init  stm32f4xx_ll_gpio.o
    0x08002098   0x08002098   0x00000012   Code   RO          261    .text.LL_GPIO_ResetOutputPin  led.o
    0x080020aa   0x080020aa   0x00000002   PAD
    0x080020ac   0x080020ac   0x0000007c   Code   RO          114    .text.LL_GPIO_SetAFPin_0_7  stm32f4xx_ll_gpio.o
    0x08002128   0x08002128   0x00000080   Code   RO          116    .text.LL_GPIO_SetAFPin_8_15  stm32f4xx_ll_gpio.o
    0x080021a8   0x080021a8   0x00000010   Code   RO          259    .text.LL_GPIO_SetOutputPin  led.o
    0x080021b8   0x080021b8   0x0000007c   Code   RO          118    .text.LL_GPIO_SetPinMode  stm32f4xx_ll_gpio.o
    0x08002234   0x08002234   0x0000001e   Code   RO          110    .text.LL_GPIO_SetPinOutputType  stm32f4xx_ll_gpio.o
    0x08002252   0x08002252   0x00000002   PAD
    0x08002254   0x08002254   0x0000007c   Code   RO          112    .text.LL_GPIO_SetPinPull  stm32f4xx_ll_gpio.o
    0x080022d0   0x080022d0   0x0000007c   Code   RO          108    .text.LL_GPIO_SetPinSpeed  stm32f4xx_ll_gpio.o
    0x0800234c   0x0800234c   0x00000010   Code   RO          202    .text.LL_RCC_GetAHBPrescaler  stm32f4xx_ll_rcc.o
    0x0800235c   0x0800235c   0x00000010   Code   RO          204    .text.LL_RCC_GetAPB1Prescaler  stm32f4xx_ll_rcc.o
    0x0800236c   0x0800236c   0x00000010   Code   RO          206    .text.LL_RCC_GetAPB2Prescaler  stm32f4xx_ll_rcc.o
    0x0800237c   0x0800237c   0x00000010   Code   RO          198    .text.LL_RCC_GetSysClkSource  stm32f4xx_ll_rcc.o
    0x0800238c   0x0800238c   0x00000036   Code   RO          174    .text.LL_RCC_GetSystemClocksFreq  stm32f4xx_ll_rcc.o
    0x080023c2   0x080023c2   0x00000002   PAD
    0x080023c4   0x080023c4   0x00000010   Code   RO          210    .text.LL_RCC_PLL_GetDivider  stm32f4xx_ll_rcc.o
    0x080023d4   0x080023d4   0x00000010   Code   RO          208    .text.LL_RCC_PLL_GetMainSource  stm32f4xx_ll_rcc.o
    0x080023e4   0x080023e4   0x00000010   Code   RO          212    .text.LL_RCC_PLL_GetN  stm32f4xx_ll_rcc.o
    0x080023f4   0x080023f4   0x00000010   Code   RO          214    .text.LL_RCC_PLL_GetP  stm32f4xx_ll_rcc.o
    0x08002404   0x08002404   0x00000012   Code   RO          314    .text.LL_TIM_EnableCounter  timer.o
    0x08002416   0x08002416   0x00000002   PAD
    0x08002418   0x08002418   0x00000012   Code   RO           45    .text.LL_TIM_GenerateEvent_UPDATE  stm32f4xx_ll_tim.o
    0x0800242a   0x0800242a   0x00000002   PAD
    0x0800242c   0x0800242c   0x0000012e   Code   RO           37    .text.LL_TIM_Init   stm32f4xx_ll_tim.o
    0x0800255a   0x0800255a   0x00000002   PAD
    0x0800255c   0x0800255c   0x00000010   Code   RO           39    .text.LL_TIM_SetAutoReload  stm32f4xx_ll_tim.o
    0x0800256c   0x0800256c   0x00000010   Code   RO          310    .text.LL_TIM_SetAutoReload  timer.o
    0x0800257c   0x0800257c   0x00000010   Code   RO           41    .text.LL_TIM_SetPrescaler  stm32f4xx_ll_tim.o
    0x0800258c   0x0800258c   0x00000010   Code   RO           43    .text.LL_TIM_SetRepetitionCounter  stm32f4xx_ll_tim.o
    0x0800259c   0x0800259c   0x00000012   Code   RO          338    .text.LL_USART_Enable  uart.o
    0x080025ae   0x080025ae   0x00000002   PAD
    0x080025b0   0x080025b0   0x000000d2   Code   RO          139    .text.LL_USART_Init  stm32f4xx_ll_usart.o
    0x08002682   0x08002682   0x00000002   PAD
    0x08002684   0x08002684   0x00000010   Code   RO          141    .text.LL_USART_IsEnabled  stm32f4xx_ll_usart.o
    0x08002694   0x08002694   0x000000b0   Code   RO          147    .text.LL_USART_SetBaudRate  stm32f4xx_ll_usart.o
    0x08002744   0x08002744   0x0000001a   Code   RO          145    .text.LL_USART_SetHWFlowCtrl  stm32f4xx_ll_usart.o
    0x0800275e   0x0800275e   0x00000002   PAD
    0x08002760   0x08002760   0x0000001a   Code   RO          143    .text.LL_USART_SetStopBitsLength  stm32f4xx_ll_usart.o
    0x0800277a   0x0800277a   0x00000002   PAD
    0x0800277c   0x0800277c   0x00000026   Code   RO          178    .text.RCC_GetHCLKClockFreq  stm32f4xx_ll_rcc.o
    0x080027a2   0x080027a2   0x00000002   PAD
    0x080027a4   0x080027a4   0x00000024   Code   RO          180    .text.RCC_GetPCLK1ClockFreq  stm32f4xx_ll_rcc.o
    0x080027c8   0x080027c8   0x00000024   Code   RO          182    .text.RCC_GetPCLK2ClockFreq  stm32f4xx_ll_rcc.o
    0x080027ec   0x080027ec   0x00000058   Code   RO          176    .text.RCC_GetSystemClockFreq  stm32f4xx_ll_rcc.o
    0x08002844   0x08002844   0x0000008e   Code   RO          200    .text.RCC_PLL_GetFreqDomain_SYS  stm32f4xx_ll_rcc.o
    0x080028d2   0x080028d2   0x00000002   PAD
    0x080028d4   0x080028d4   0x000000da   Code   RO          276    .text.SW_Init       sw.o
    0x080029ae   0x080029ae   0x00000002   PAD
    0x080029b0   0x080029b0   0x00000052   Code   RO          298    .text.SysTick_Config  timer.o
    0x08002a02   0x08002a02   0x00000002   PAD
    0x08002a04   0x08002a04   0x00000012   Code   RO          320    .text.SysTick_Handler  timer.o
    0x08002a16   0x08002a16   0x00000002   PAD
    0x08002a18   0x08002a18   0x00000020   Code   RO           11    .text.SystemInit    system_stm32f4xx.o
    0x08002a38   0x08002a38   0x00000020   Code   RO          322    .text.TIM2_IRQHandler  timer.o
    0x08002a58   0x08002a58   0x00000038   Code   RO          304    .text.TMR2_Init     timer.o
    0x08002a90   0x08002a90   0x00000048   Code   RO          308    .text.TMR2_SetCounter  timer.o
    0x08002ad8   0x08002ad8   0x0000000c   Code   RO          312    .text.TMR2_Start    timer.o
    0x08002ae4   0x08002ae4   0x00000014   Code   RO          296    .text.TMR_Init      timer.o
    0x08002af8   0x08002af8   0x00000012   Code   RO          302    .text.TMR_Start     timer.o
    0x08002b0a   0x08002b0a   0x00000002   PAD
    0x08002b0c   0x08002b0c   0x00000012   Code   RO          300    .text.TMR_Stop      timer.o
    0x08002b1e   0x08002b1e   0x00000002   PAD
    0x08002b20   0x08002b20   0x000000a2   Code   RO          336    .text.UART_Init     uart.o
    0x08002bc2   0x08002bc2   0x00000002   PAD
    0x08002bc4   0x08002bc4   0x0000000e   Code   RO          381    .text.VC_Init       vc.o
    0x08002bd2   0x08002bd2   0x00000002   PAD
    0x08002bd4   0x08002bd4   0x00000030   Code   RO          306    .text.__NVIC_EnableIRQ  timer.o
    0x08002c04   0x08002c04   0x00000042   Code   RO          324    .text.__NVIC_SetPriority  timer.o
    0x08002c46   0x08002c46   0x00000002   PAD
    0x08002c48   0x08002c48   0x0000004a   Code   RO          404    .text._sys_close    retarget_io.o
    0x08002c92   0x08002c92   0x00000002   PAD
    0x08002c94   0x08002c94   0x00000048   Code   RO          420    .text._sys_flen     retarget_io.o
    0x08002cdc   0x08002cdc   0x00000048   Code   RO          416    .text._sys_istty    retarget_io.o
    0x08002d24   0x08002d24   0x00000086   Code   RO          402    .text._sys_open     retarget_io.o
    0x08002daa   0x08002daa   0x00000002   PAD
    0x08002dac   0x08002dac   0x00000052   Code   RO          418    .text._sys_seek     retarget_io.o
    0x08002dfe   0x08002dfe   0x00000002   PAD
    0x08002e00   0x08002e00   0x00000098   Code   RO          406    .text._sys_write    retarget_io.o
    0x08002e98   0x08002e98   0x0000003c   Code   RO          233    .text.main          main.o
    0x08002ed4   0x08002ed4   0x0000000c   Code   RO          410    .text.stderr_putchar  retarget_io.o
    0x08002ee0   0x08002ee0   0x00000010   Code   RO          408    .text.stdout_putchar  retarget_io.o
    0x08002ef0   0x08002ef0   0x0000003e   Code   RO          678    CL$$btod_d2e        c_w.l(btod.o)
    0x08002f2e   0x08002f2e   0x00000046   Code   RO          680    CL$$btod_d2e_denorm_low  c_w.l(btod.o)
    0x08002f74   0x08002f74   0x00000060   Code   RO          679    CL$$btod_d2e_norm_op1  c_w.l(btod.o)
    0x08002fd4   0x08002fd4   0x00000338   Code   RO          688    CL$$btod_div_common  c_w.l(btod.o)
    0x0800330c   0x0800330c   0x000000dc   Code   RO          685    CL$$btod_e2e        c_w.l(btod.o)
    0x080033e8   0x080033e8   0x0000002a   Code   RO          682    CL$$btod_ediv       c_w.l(btod.o)
    0x08003412   0x08003412   0x0000002a   Code   RO          681    CL$$btod_emul       c_w.l(btod.o)
    0x0800343c   0x0800343c   0x00000244   Code   RO          687    CL$$btod_mult_common  c_w.l(btod.o)
    0x08003680   0x08003680   0x00000030   Code   RO          804    i.__ARM_fpclassify  m_wm.l(fpclassify.o)
    0x080036b0   0x080036b0   0x0000000e   Code   RO          506    i._is_digit         c_w.l(__printf_wp.o)
    0x080036be   0x080036be   0x0000001c   Code   RO          591    i.fputc             c_w.l(fputc.o)
    0x080036da   0x080036da   0x00000002   PAD
    0x080036dc   0x080036dc   0x0000002c   Code   RO          716    locale$$code        c_w.l(lc_numeric_c.o)
    0x08003708   0x08003708   0x0000002c   Code   RO          851    locale$$code        c_w.l(lc_ctype_c.o)
    0x08003734   0x08003734   0x0000001a   Code   RO          865    x$fpl$fpinit        fz_wm.l(fpinit.o)
    0x0800374e   0x0800374e   0x00000004   Code   RO          545    x$fpl$printf1       fz_wm.l(printf1.o)
    0x08003752   0x08003752   0x00000004   Code   RO          547    x$fpl$printf2       fz_wm.l(printf2.o)
    0x08003756   0x08003756   0x00000000   Code   RO          803    x$fpl$usenofp       fz_wm.l(usenofp.o)
    0x08003756   0x08003756   0x00000002   PAD
    0x08003758   0x08003758   0x00000008   Data   RO          465    .constdata          c_w.l(_printf_wctomb.o)
    0x08003760   0x08003760   0x00000028   Data   RO          494    .constdata          c_w.l(_printf_hex_int_ll_ptr.o)
    0x08003788   0x08003788   0x00000011   Data   RO          514    .constdata          c_w.l(__printf_flags_ss_wp.o)
    0x08003799   0x08003799   0x00000026   Data   RO          579    .constdata          c_w.l(_printf_fp_hex.o)
    0x080037bf   0x080037bf   0x00000001   PAD
    0x080037c0   0x080037c0   0x00000094   Data   RO          676    .constdata          c_w.l(bigflt0.o)
    0x08003854   0x08003854   0x00000010   Data   RO           16    .rodata.AHBPrescTable  system_stm32f4xx.o
    0x08003864   0x08003864   0x00000008   Data   RO           17    .rodata.APBPrescTable  system_stm32f4xx.o
    0x0800386c   0x0800386c   0x00000008   Data   RO          425    .rodata.__stderr_name  retarget_io.o
    0x08003874   0x08003874   0x00000007   Data   RO          423    .rodata.__stdin_name  retarget_io.o
    0x0800387b   0x0800387b   0x00000008   Data   RO          424    .rodata.__stdout_name  retarget_io.o
    0x08003883   0x08003883   0x00000020   Data   RO          235    .rodata.str1.1      main.o
    0x080038a3   0x080038a3   0x00000017   Data   RO          426    .rodata.str1.1      retarget_io.o
    0x080038ba   0x080038ba   0x00000002   PAD
    0x080038bc   0x080038bc   0x00000020   Data   RO          963    Region$$Table       anon$$obj.o
    0x080038dc   0x080038dc   0x0000001c   Data   RO          715    locale$$data        c_w.l(lc_numeric_c.o)
    0x080038f8   0x080038f8   0x00000110   Data   RO          850    locale$$data        c_w.l(lc_ctype_c.o)


    Execution Region ER_RW (Exec base: 0x20000000, Load base: 0x08003a08, Size: 0x0000000c, Max: 0xffffffff, ABSOLUTE)

    Exec Addr    Load Addr    Size         Type   Attr      Idx    E Section Name        Object

    0x20000000   0x08003a08   0x00000004   Data   RW          542    .data               c_w.l(stdio_streams.o)
    0x20000004   0x08003a0c   0x00000004   Data   RW          543    .data               c_w.l(stdio_streams.o)
    0x20000008   0x08003a10   0x00000004   Data   RW          544    .data               c_w.l(stdio_streams.o)


    Execution Region ER_ZI (Exec base: 0x20000010, Load base: 0x08003a14, Size: 0x00000798, Max: 0xffffffff, ABSOLUTE)

    Exec Addr    Load Addr    Size         Type   Attr      Idx    E Section Name        Object

    0x20000010        -       0x00000054   Zero   RW          539    .bss                c_w.l(stdio_streams.o)
    0x20000064        -       0x00000054   Zero   RW          540    .bss                c_w.l(stdio_streams.o)
    0x200000b8        -       0x00000054   Zero   RW          541    .bss                c_w.l(stdio_streams.o)
    0x2000010c        -       0x00000060   Zero   RW          807    .bss                c_w.l(libspace.o)
    0x2000016c        -       0x00000018   Zero   RW          287    .bss.SWs_Info       sw.o
    0x20000184        -       0x00000014   Zero   RW          326    .bss.TIM2_Config    timer.o
    0x20000198        -       0x00000004   Zero   RW          328    .bss.fire           timer.o
    0x2000019c        -       0x00000001   Zero   RW          388    .bss.motor_speed    vc.o
    0x2000019d   0x08003a14   0x00000003   PAD
    0x200001a0        -       0x00000004   Zero   RW          327    .bss.tick           timer.o
    0x200001a4   0x08003a14   0x00000004   PAD
    0x200001a8        -       0x00000200   Zero   RW            2    HEAP                startup_stm32f411xe.o
    0x200003a8        -       0x00000400   Zero   RW            1    STACK               startup_stm32f411xe.o


==============================================================================

Image component sizes


      Code (inc. data)   RO Data    RW Data    ZI Data      Debug   Object Name

        16          0          0          0          0       1158   display.o
       160          0          0          0          0       3096   led.o
        60          0         32          0          0        416   main.o
       680          0         46          0          0       3261   retarget_io.o
        64         26        408          0       1536        884   startup_stm32f411xe.o
       918          0          0          0          0       5009   stm32f4xx_ll_gpio.o
       522          0          0          0          0       6136   stm32f4xx_ll_rcc.o
       368          0          0          0          0       9370   stm32f4xx_ll_tim.o
       454          0          0          0          0       4851   stm32f4xx_ll_usart.o
       218          0          0          0         24       3464   sw.o
        32          0         24          0          0       2536   system_stm32f4xx.o
       476          4          0          0         28       6355   timer.o
       180          0          0          0          0       3791   uart.o
        14          0          0          0          1       1541   vc.o

    ----------------------------------------------------------------------
      4212         30        544          0       1596      51868   Object Totals
         0          0         32          0          0          0   (incl. Generated)
        50          0          2          0          7          0   (incl. Padding)

    ----------------------------------------------------------------------

      Code (inc. data)   RO Data    RW Data    ZI Data      Debug   Library Member Name

         8          0          0          0          0         68   __main.o
       392          4         17          0          0         92   __printf_flags_ss_wp.o
        14          0          0          0          0         68   __printf_wp.o
         0          0          0          0          0          0   __rtentry.o
        12          0          0          0          0          0   __rtentry2.o
         6          0          0          0          0          0   __rtentry4.o
        52          8          0          0          0          0   __scatter.o
        26          0          0          0          0          0   __scatter_copy.o
        28          0          0          0          0          0   __scatter_zi.o
        72          0          0          0          0         96   _c16rtomb.o
         6          0          0          0          0          0   _printf_a.o
         6          0          0          0          0          0   _printf_c.o
        44          0          0          0          0        108   _printf_char.o
        48          6          0          0          0         96   _printf_char_common.o
        36          4          0          0          0         80   _printf_char_file.o
        40          0          0          0          0         68   _printf_charcount.o
         6          0          0          0          0          0   _printf_d.o
       120         16          0          0          0         92   _printf_dec.o
         6          0          0          0          0          0   _printf_e.o
         6          0          0          0          0          0   _printf_f.o
      1052          0          0          0          0        148   _printf_fp_dec.o
       764          8         38          0          0        100   _printf_fp_hex.o
       128         16          0          0          0         84   _printf_fp_infnan.o
         6          0          0          0          0          0   _printf_g.o
       148          4         40          0          0        160   _printf_hex_int_ll_ptr.o
         6          0          0          0          0          0   _printf_i.o
       178          0          0          0          0         88   _printf_intcommon.o
        10          0          0          0          0          0   _printf_l.o
         6          0          0          0          0          0   _printf_lc.o
        10          0          0          0          0          0   _printf_ll.o
         6          0          0          0          0          0   _printf_lld.o
         6          0          0          0          0          0   _printf_lli.o
         6          0          0          0          0          0   _printf_llo.o
         6          0          0          0          0          0   _printf_llu.o
         6          0          0          0          0          0   _printf_llx.o
       124         16          0          0          0         92   _printf_longlong_dec.o
         6          0          0          0          0          0   _printf_ls.o
         6          0          0          0          0          0   _printf_n.o
         6          0          0          0          0          0   _printf_o.o
       112          8          0          0          0        124   _printf_oct_int_ll.o
         6          0          0          0          0          0   _printf_p.o
        78          0          0          0          0        108   _printf_pad.o
         0          0          0          0          0          0   _printf_percent.o
         4          0          0          0          0          0   _printf_percent_end.o
         6          0          0          0          0          0   _printf_s.o
        82          0          0          0          0         80   _printf_str.o
        36          0          0          0          0         84   _printf_truncate.o
         6          0          0          0          0          0   _printf_u.o
        44          0          0          0          0        108   _printf_wchar.o
       188          6          8          0          0         92   _printf_wctomb.o
         6          0          0          0          0          0   _printf_x.o
       228          4        148          0          0         96   bigflt0.o
      1936        128          0          0          0        668   btod.o
        10          0          0          0          0         68   defsig_exit.o
        50          0          0          0          0         88   defsig_general.o
        80         58          0          0          0         76   defsig_rtmem_inner.o
        14          0          0          0          0         80   defsig_rtmem_outer.o
        52         38          0          0          0         76   defsig_rtred_inner.o
        14          0          0          0          0         80   defsig_rtred_outer.o
        18          0          0          0          0         80   exit.o
        76          0          0          0          0         88   fclose.o
         8          0          0          0          0         68   ferror.o
       482          0          0          0          0         92   flsbuf.o
       240          6          0          0          0        128   fopen.o
        28          0          0          0          0         68   fputc.o
       248          6          0          0          0         84   fseek.o
        66          0          0          0          0         76   ftell.o
        94          0          0          0          0         80   h1_alloc.o
        52          0          0          0          0         68   h1_extend.o
        78          0          0          0          0         80   h1_free.o
        14          0          0          0          0         84   h1_init.o
         6          0          0          0          0        152   heapauxi.o
         4          0          0          0          0        136   hguard.o
         0          0          0          0          0          0   indicate_semi.o
       138          0          0          0          0        168   init_alloc.o
       312         46          0          0          0        112   initio.o
        44         10        272          0          0         76   lc_ctype_c.o
        44         10         28          0          0         76   lc_numeric_c.o
         2          0          0          0          0          0   libinit.o
        46          0          0          0          0          0   libinit2.o
         2          0          0          0          0          0   libshutdown.o
         6          0          0          0          0          0   libshutdown2.o
         8          4          0          0         96         68   libspace.o
       138          0          0          0          0         80   lludiv10.o
       240          0          0          0          0        100   lludivv7m.o
         0          0          0          0          0          0   maybetermalloc1.o
        24          4          0          0          0         84   printf.o
        16          4          0          0          0         76   rt_ctype_table.o
         8          4          0          0          0         68   rt_errno_addr_intlibspace.o
         8          4          0          0          0         68   rt_heap_descriptor_intlibspace.o
         8          4          0          0          0         68   rt_locale_intlibspace.o
        78          0          0          0          0         80   rt_memclr_w.o
         2          0          0          0          0          0   rtexit.o
        10          0          0          0          0          0   rtexit2.o
        70          0          0          0          0         80   setvbuf.o
       240          6          0          0          0        156   stdio.o
         0          0          0         12        252          0   stdio_streams.o
       124          0          0          0          0         88   strcmpv7em.o
        12          4          0          0          0         68   sys_exit.o
        74          0          0          0          0         80   sys_stackheap_outer.o
        14          0          0          0          0         76   sys_wrch.o
         2          0          0          0          0         68   use_no_semi.o
        26          0          0          0          0        116   fpinit.o
         4          0          0          0          0        116   printf1.o
         4          0          0          0          0        116   printf2.o
         0          0          0          0          0          0   usenofp.o
        48          0          0          0          0        124   fpclassify.o

    ----------------------------------------------------------------------
      9548        440        552         12        348       6764   Library Totals
        22          4          1          0          0          0   (incl. Padding)

    ----------------------------------------------------------------------

      Code (inc. data)   RO Data    RW Data    ZI Data      Debug   Library Name

      9444        436        551         12        348       6292   c_w.l
        34          0          0          0          0        348   fz_wm.l
        48          0          0          0          0        124   m_wm.l

    ----------------------------------------------------------------------
      9548        440        552         12        348       6764   Library Totals

    ----------------------------------------------------------------------

==============================================================================


      Code (inc. data)   RO Data    RW Data    ZI Data      Debug   

     13760        470       1096         12       1944      54708   Grand Totals
     13760        470       1096         12       1944      54708   ELF Image Totals
     13760        470       1096         12          0          0   ROM Totals

==============================================================================

    Total RO  Size (Code + RO Data)                14856 (  14.51kB)
    Total RW  Size (RW Data + ZI Data)              1956 (   1.91kB)
    Total ROM Size (Code + RO Data + RW Data)      14868 (  14.52kB)

==============================================================================

